Archive member included to satisfy reference by file (symbol)

/Users/jaredwuerzburger/Library/Application Support/Pebble SDK/SDKs/current/sdk-core/pebble/emery/lib/libpebble.a(tmpilr_pxvspebble.o)
                              src/c/TouchWeather.c.17.o (app_event_loop)
/Users/jaredwuerzburger/Library/Application Support/Pebble SDK/SDKs/4.9.169/toolchain/arm-none-eabi/bin/../lib/gcc/arm-none-eabi/14.2.1/../../../../arm-none-eabi/lib/thumb/v7-m/nofp/libc.a(libc_a-atexit.o)
                              /Users/jaredwuerzburger/Library/Application Support/Pebble SDK/SDKs/4.9.169/toolchain/arm-none-eabi/bin/../lib/gcc/arm-none-eabi/14.2.1/../../../../arm-none-eabi/lib/thumb/v7-m/nofp/crt0.o (atexit)
/Users/jaredwuerzburger/Library/Application Support/Pebble SDK/SDKs/4.9.169/toolchain/arm-none-eabi/bin/../lib/gcc/arm-none-eabi/14.2.1/../../../../arm-none-eabi/lib/thumb/v7-m/nofp/libc.a(libc_a-exit.o)
                              /Users/jaredwuerzburger/Library/Application Support/Pebble SDK/SDKs/4.9.169/toolchain/arm-none-eabi/bin/../lib/gcc/arm-none-eabi/14.2.1/../../../../arm-none-eabi/lib/thumb/v7-m/nofp/crt0.o (exit)
/Users/jaredwuerzburger/Library/Application Support/Pebble SDK/SDKs/4.9.169/toolchain/arm-none-eabi/bin/../lib/gcc/arm-none-eabi/14.2.1/../../../../arm-none-eabi/lib/thumb/v7-m/nofp/libc.a(libc_a-findfp.o)
                              /Users/jaredwuerzburger/Library/Application Support/Pebble SDK/SDKs/4.9.169/toolchain/arm-none-eabi/bin/../lib/gcc/arm-none-eabi/14.2.1/../../../../arm-none-eabi/lib/thumb/v7-m/nofp/libc.a(libc_a-exit.o) (__stdio_exit_handler)
/Users/jaredwuerzburger/Library/Application Support/Pebble SDK/SDKs/4.9.169/toolchain/arm-none-eabi/bin/../lib/gcc/arm-none-eabi/14.2.1/../../../../arm-none-eabi/lib/thumb/v7-m/nofp/libc.a(libc_a-impure.o)
                              /Users/jaredwuerzburger/Library/Application Support/Pebble SDK/SDKs/4.9.169/toolchain/arm-none-eabi/bin/../lib/gcc/arm-none-eabi/14.2.1/../../../../arm-none-eabi/lib/thumb/v7-m/nofp/libc.a(libc_a-findfp.o) (_impure_data)
/Users/jaredwuerzburger/Library/Application Support/Pebble SDK/SDKs/4.9.169/toolchain/arm-none-eabi/bin/../lib/gcc/arm-none-eabi/14.2.1/../../../../arm-none-eabi/lib/thumb/v7-m/nofp/libc.a(libc_a-init.o)
                              /Users/jaredwuerzburger/Library/Application Support/Pebble SDK/SDKs/4.9.169/toolchain/arm-none-eabi/bin/../lib/gcc/arm-none-eabi/14.2.1/../../../../arm-none-eabi/lib/thumb/v7-m/nofp/crt0.o (__libc_init_array)
/Users/jaredwuerzburger/Library/Application Support/Pebble SDK/SDKs/4.9.169/toolchain/arm-none-eabi/bin/../lib/gcc/arm-none-eabi/14.2.1/../../../../arm-none-eabi/lib/thumb/v7-m/nofp/libc.a(libc_a-fini.o)
                              /Users/jaredwuerzburger/Library/Application Support/Pebble SDK/SDKs/4.9.169/toolchain/arm-none-eabi/bin/../lib/gcc/arm-none-eabi/14.2.1/../../../../arm-none-eabi/lib/thumb/v7-m/nofp/crt0.o (__libc_fini_array)
/Users/jaredwuerzburger/Library/Application Support/Pebble SDK/SDKs/4.9.169/toolchain/arm-none-eabi/bin/../lib/gcc/arm-none-eabi/14.2.1/../../../../arm-none-eabi/lib/thumb/v7-m/nofp/libc.a(libc_a-lock.o)
                              /Users/jaredwuerzburger/Library/Application Support/Pebble SDK/SDKs/4.9.169/toolchain/arm-none-eabi/bin/../lib/gcc/arm-none-eabi/14.2.1/../../../../arm-none-eabi/lib/thumb/v7-m/nofp/libc.a(libc_a-findfp.o) (__retarget_lock_init_recursive)
/Users/jaredwuerzburger/Library/Application Support/Pebble SDK/SDKs/4.9.169/toolchain/arm-none-eabi/bin/../lib/gcc/arm-none-eabi/14.2.1/../../../../arm-none-eabi/lib/thumb/v7-m/nofp/libc.a(libc_a-__atexit.o)
                              /Users/jaredwuerzburger/Library/Application Support/Pebble SDK/SDKs/4.9.169/toolchain/arm-none-eabi/bin/../lib/gcc/arm-none-eabi/14.2.1/../../../../arm-none-eabi/lib/thumb/v7-m/nofp/libc.a(libc_a-atexit.o) (__register_exitproc)
/Users/jaredwuerzburger/Library/Application Support/Pebble SDK/SDKs/4.9.169/toolchain/arm-none-eabi/bin/../lib/gcc/arm-none-eabi/14.2.1/../../../../arm-none-eabi/lib/thumb/v7-m/nofp/libc.a(libc_a-__call_atexit.o)
                              /Users/jaredwuerzburger/Library/Application Support/Pebble SDK/SDKs/4.9.169/toolchain/arm-none-eabi/bin/../lib/gcc/arm-none-eabi/14.2.1/../../../../arm-none-eabi/lib/thumb/v7-m/nofp/libc.a(libc_a-exit.o) (__call_exitprocs)
/Users/jaredwuerzburger/Library/Application Support/Pebble SDK/SDKs/4.9.169/toolchain/arm-none-eabi/bin/../lib/gcc/arm-none-eabi/14.2.1/../../../../arm-none-eabi/lib/thumb/v7-m/nofp/libc.a(libc_a-mallocr.o)
                              /Users/jaredwuerzburger/Library/Application Support/Pebble SDK/SDKs/4.9.169/toolchain/arm-none-eabi/bin/../lib/gcc/arm-none-eabi/14.2.1/../../../../arm-none-eabi/lib/thumb/v7-m/nofp/libc.a(libc_a-findfp.o) (_malloc_r)
[...]
Memory Configuration

Name             Origin             Length             Attributes
APP              0x00000000         0x00020000         xrw
*default*        0x00000000         0xffffffff

Linker script and memory map

LOAD /Users/jaredwuerzburger/Library/Application Support/Pebble SDK/SDKs/4.9.169/toolchain/arm-none-eabi/bin/../lib/gcc/arm-none-eabi/14.2.1/thumb/v7-m/nofp/crti.o
LOAD /Users/jaredwuerzburger/Library/Application Support/Pebble SDK/SDKs/4.9.169/toolchain/arm-none-eabi/bin/../lib/gcc/arm-none-eabi/14.2.1/thumb/v7-m/nofp/crtbegin.o
LOAD /Users/jaredwuerzburger/Library/Application Support/Pebble SDK/SDKs/4.9.169/toolchain/arm-none-eabi/bin/../lib/gcc/arm-none-eabi/14.2.1/../../../../arm-none-eabi/lib/thumb/v7-m/nofp/crt0.o
LOAD src/c/TouchWeather.c.17.o
LOAD src/c/anim.c.17.o
LOAD src/c/cards/advice.c.17.o
LOAD src/c/cards/air_quality.c.17.o
LOAD src/c/cards/golden_hour.c.17.o
LOAD src/c/cards/hours.c.17.o
LOAD src/c/cards/main_card.c.17.o
LOAD src/c/cards/night_sky.c.17.o
LOAD src/c/cards/precipitation.c.17.o
LOAD src/c/cards/radar.c.17.o
LOAD src/c/cards/settings.c.17.o
LOAD src/c/cards/sun_cycle.c.17.o
LOAD src/c/cards/uv.c.17.o
LOAD src/c/cards/week.c.17.o
LOAD src/c/comm.c.17.o
LOAD src/c/icons.c.17.o
LOAD src/c/nav.c.17.o
LOAD src/c/settings.c.17.o
LOAD src/c/theme.c.17.o
LOAD src/c/ui.c.17.o
LOAD src/c/weather_data.c.17.o
LOAD emery/appinfo.auto.c.17.o
LOAD emery/src/resource_ids.auto.c.17.o
LOAD src/message_keys.auto.c.17.o
LOAD /Users/jaredwuerzburger/Library/Application Support/Pebble SDK/SDKs/current/sdk-core/pebble/emery/lib/libpebble.a
LOAD /Users/jaredwuerzburger/Documents/GitHub/TouchWeather/TouchWeather/node_modules/@rebble/clay/dist/binaries/emery/@rebble/libclay.a
START GROUP
LOAD /Users/jaredwuerzburger/Library/Application Support/Pebble SDK/SDKs/4.9.169/toolchain/arm-none-eabi/bin/../lib/gcc/arm-none-eabi/14.2.1/thumb/v7-m/nofp/libgcc.a
LOAD /Users/jaredwuerzburger/Library/Application Support/Pebble SDK/SDKs/4.9.169/toolchain/arm-none-eabi/bin/../lib/gcc/arm-none-eabi/14.2.1/../../../../arm-none-eabi/lib/thumb/v7-m/nofp/libc.a
END GROUP
LOAD /Users/jaredwuerzburger/Library/Application Support/Pebble SDK/SDKs/4.9.169/toolchain/arm-none-eabi/bin/../lib/gcc/arm-none-eabi/14.2.1/thumb/v7-m/nofp/crtend.o
LOAD /Users/jaredwuerzburger/Library/Application Support/Pebble SDK/SDKs/4.9.169/toolchain/arm-none-eabi/bin/../lib/gcc/arm-none-eabi/14.2.1/thumb/v7-m/nofp/crtn.o

.header         0x00000000       0x82
 *(.pbl_header)
 .pbl_header    0x00000000       0x82 emery/appinfo.auto.c.17.o
                0x00000000                __pbl_app_info

.note.gnu.build-id
                0x00000082       0x26
                [!provide]                        PROVIDE (BUILD_ID = .)
 *(.note.gnu.build-id)
 *fill*         0x00000082        0x2 
 .note.gnu.build-id
                0x00000084       0x24 linker stubs

.text           0x000000a8     0x844c
 *(.text)
 .text          0x000000a8       0x14 /Users/jaredwuerzburger/Library/Application Support/Pebble SDK/SDKs/current/sdk-core/pebble/emery/lib/libpebble.a(tmpilr_pxvspebble.o)
 *(.text.*)
 .text.prv_window_unload
                0x000000bc        0xe src/c/TouchWeather.c.17.o
 .text.prv_down_click
                0x000000ca        0x4 src/c/TouchWeather.c.17.o
 .text.prv_up_click
                0x000000ce        0x4 src/c/TouchWeather.c.17.o
 *fill*         0x000000d2        0x2 
 .text.prv_window_load
                0x000000d4      0x17c src/c/TouchWeather.c.17.o
 .text.prv_click_config_provider
                0x00000250       0x44 src/c/TouchWeather.c.17.o
 .text.prv_select_long
                0x00000294       0x18 src/c/TouchWeather.c.17.o
 .text.prv_select_click
                0x000002ac       0x74 src/c/TouchWeather.c.17.o
 .text.touch_handler
                0x00000320       0xd4 src/c/TouchWeather.c.17.o
 .text.startup.main
                0x000003f4       0x90 src/c/TouchWeather.c.17.o
                0x000003f4                main
 .text.prv_tick
                0x00000484       0x68 src/c/anim.c.17.o
 .text.anim_init
                0x000004ec       0x28 src/c/anim.c.17.o
                0x000004ec                anim_init
 .text.anim_deinit
                0x00000514       0x18 src/c/anim.c.17.o
                0x00000514                anim_deinit
 .text.anim_get_frame
                0x0000052c        0xc src/c/anim.c.17.o
                0x0000052c                anim_get_frame
 .text.card_advice_draw
                0x00000538      0x350 src/c/cards/advice.c.17.o
                0x00000538                card_advice_draw
 .text.card_air_quality_draw
                0x00000888      0x1e0 src/c/cards/air_quality.c.17.o
                0x00000888                card_air_quality_draw
 .text.prv_max_w.constprop.0
                0x00000a68       0x4c src/c/cards/golden_hour.c.17.o
 .text.card_golden_hour_draw
                0x00000ab4      0x214 src/c/cards/golden_hour.c.17.o
                0x00000ab4                card_golden_hour_draw
 .text.card_hours_draw
                0x00000cc8      0x338 src/c/cards/hours.c.17.o
                0x00000cc8                card_hours_draw
 .text.card_main_draw
                0x00001000      0x370 src/c/cards/main_card.c.17.o
                0x00001000                card_main_draw
 .text.card_night_sky_draw
                0x00001370      0x208 src/c/cards/night_sky.c.17.o
                0x00001370                card_night_sky_draw
 .text.card_precipitation_draw
                0x00001578      0x270 src/c/cards/precipitation.c.17.o
                0x00001578                card_precipitation_draw
 .text.prv_free_bitmap
                0x000017e8       0x18 src/c/cards/radar.c.17.o
 .text.prv_free_buf
                0x00001800       0x38 src/c/cards/radar.c.17.o
 .text.prv_draw_centered_text.isra.0
                0x00001838       0x46 src/c/cards/radar.c.17.o
 *fill*         0x0000187e        0x2 
 .text.card_radar_force_refresh
                0x00001880       0x3c src/c/cards/radar.c.17.o
                0x00001880                card_radar_force_refresh
 .text.card_radar_receive_status
                0x000018bc       0x14 src/c/cards/radar.c.17.o
                0x000018bc                card_radar_receive_status
 .text.card_radar_receive_chunk
                0x000018d0      0x1b0 src/c/cards/radar.c.17.o
                0x000018d0                card_radar_receive_chunk
 .text.card_radar_draw
                0x00001a80      0x2e8 src/c/cards/radar.c.17.o
                0x00001a80                card_radar_draw
 .text.card_settings_draw
                0x00001d68      0x280 src/c/cards/settings.c.17.o
                0x00001d68                card_settings_draw
 .text.card_sun_cycle_draw
                0x00001fe8      0x1d0 src/c/cards/sun_cycle.c.17.o
                0x00001fe8                card_sun_cycle_draw
 .text.card_uv_draw
                0x000021b8      0x1a0 src/c/cards/uv.c.17.o
                0x000021b8                card_uv_draw
 .text.card_week_draw
                0x00002358      0x438 src/c/cards/week.c.17.o
                0x00002358                card_week_draw
 .text.prv_inbox_dropped
                0x00002790       0x24 src/c/comm.c.17.o
 .text.prv_inbox_received
                0x000027b4      0x884 src/c/comm.c.17.o
 .text.comm_request_refresh
                0x00003038       0x34 src/c/comm.c.17.o
                0x00003038                comm_request_refresh
 .text.prv_initial_refresh
                0x0000306c        0x4 src/c/comm.c.17.o
 .text.comm_request_radar
                0x00003070       0x34 src/c/comm.c.17.o
                0x00003070                comm_request_radar
 .text.comm_set_update_callback
                0x000030a4        0xc src/c/comm.c.17.o
                0x000030a4                comm_set_update_callback
 .text.comm_init
                0x000030b0       0x54 src/c/comm.c.17.o
                0x000030b0                comm_init
 .text.comm_deinit
                0x00003104        0x4 src/c/comm.c.17.o
                0x00003104                comm_deinit
 .text.bob_y    0x00003108       0x1a src/c/icons.c.17.o
 .text.set_stroke
                0x00003122       0x1e src/c/icons.c.17.o
 .text.draw_half_sun_with_rays
                0x00003140      0x11e src/c/icons.c.17.o
 .text.icon_draw_sun_rotating.constprop.0
                0x0000325e       0xce src/c/icons.c.17.o
 .text.icon_draw_sun
                0x0000332c       0xb2 src/c/icons.c.17.o
                0x0000332c                icon_draw_sun
 .text.icon_draw_cloud
                0x000033de       0xd8 src/c/icons.c.17.o
                0x000033de                icon_draw_cloud
 .text.icon_draw_cloud_rain
                0x000034b6       0x92 src/c/icons.c.17.o
                0x000034b6                icon_draw_cloud_rain
 .text.icon_draw_snow
                0x00003548       0x9c src/c/icons.c.17.o
                0x00003548                icon_draw_snow
 .text.icon_draw_lightning
                0x000035e4       0x7c src/c/icons.c.17.o
                0x000035e4                icon_draw_lightning
 .text.icon_draw_fog
                0x00003660       0xa6 src/c/icons.c.17.o
                0x00003660                icon_draw_fog
 .text.icon_draw_condition
                0x00003706      0x176 src/c/icons.c.17.o
                0x00003706                icon_draw_condition
 .text.icon_draw_droplet
                0x0000387c       0x96 src/c/icons.c.17.o
                0x0000387c                icon_draw_droplet
 .text.icon_draw_wind
                0x00003912       0xea src/c/icons.c.17.o
                0x00003912                icon_draw_wind
 .text.icon_draw_arrow_up
                0x000039fc       0x8c src/c/icons.c.17.o
                0x000039fc                icon_draw_arrow_up
 .text.icon_draw_arrow_down
                0x00003a88       0x82 src/c/icons.c.17.o
                0x00003a88                icon_draw_arrow_down
 .text.icon_draw_sunrise
                0x00003b0a       0x8e src/c/icons.c.17.o
                0x00003b0a                icon_draw_sunrise
 .text.icon_draw_sunset
                0x00003b98       0x8e src/c/icons.c.17.o
                0x00003b98                icon_draw_sunset
 .text.icon_draw_pulse
                0x00003c26       0xbe src/c/icons.c.17.o
                0x00003c26                icon_draw_pulse
 .text.icon_draw_tap
                0x00003ce4       0xb0 src/c/icons.c.17.o
                0x00003ce4                icon_draw_tap
 .text.icon_draw_horizon_sun
                0x00003d94        0x8 src/c/icons.c.17.o
                0x00003d94                icon_draw_horizon_sun
 .text.icon_draw_condition_animated
                0x00003d9c      0x3c0 src/c/icons.c.17.o
                0x00003d9c                icon_draw_condition_animated
 .text.icon_draw_clock
                0x0000415c       0x94 src/c/icons.c.17.o
                0x0000415c                icon_draw_clock
 .text.icon_draw_calendar
                0x000041f0      0x12a src/c/icons.c.17.o
                0x000041f0                icon_draw_calendar
 .text.icon_draw_moon_small
                0x0000431a       0x36 src/c/icons.c.17.o
                0x0000431a                icon_draw_moon_small
 .text.icon_draw_moon_phase
                0x00004350       0xc8 src/c/icons.c.17.o
                0x00004350                icon_draw_moon_phase
 .text.icon_draw_settings_gear
                0x00004418       0xb2 src/c/icons.c.17.o
                0x00004418                icon_draw_settings_gear
 *fill*         0x000044ca        0x2 
 .text.icon_draw_lock_small
                0x000044cc       0xd4 src/c/icons.c.17.o
                0x000044cc                icon_draw_lock_small
 .text.prv_step_skip
                0x000045a0       0x3c src/c/nav.c.17.o
 .text.prv_now_ms
                0x000045dc       0x22 src/c/nav.c.17.o
 *fill*         0x000045fe        0x2 
 .text.card_layer_update
                0x00004600      0x164 src/c/nav.c.17.o
 .text.prv_start_transition
                0x00004764       0xa0 src/c/nav.c.17.o
 .text.prv_anim_tick
                0x00004804       0x98 src/c/nav.c.17.o
 .text.nav_draw_page_indicator
                0x0000489c       0xbc src/c/nav.c.17.o
                0x0000489c                nav_draw_page_indicator
 .text.nav_init
                0x00004958       0x84 src/c/nav.c.17.o
                0x00004958                nav_init
 .text.nav_deinit
                0x000049dc       0x4c src/c/nav.c.17.o
                0x000049dc                nav_deinit
 .text.nav_register
                0x00004a28       0x34 src/c/nav.c.17.o
                0x00004a28                nav_register
 .text.nav_current_index
                0x00004a5c        0xc src/c/nav.c.17.o
                0x00004a5c                nav_current_index
 .text.nav_current_name
                0x00004a68       0x48 src/c/nav.c.17.o
                0x00004a68                nav_current_name
 .text.nav_next
                0x00004ab0       0x30 src/c/nav.c.17.o
                0x00004ab0                nav_next
 .text.nav_prev
                0x00004ae0       0x30 src/c/nav.c.17.o
                0x00004ae0                nav_prev
 .text.nav_redraw
                0x00004b10       0x28 src/c/nav.c.17.o
                0x00004b10                nav_redraw
 .text.nav_show_index
                0x00004b38       0x50 src/c/nav.c.17.o
                0x00004b38                nav_show_index
 .text.nav_set_enabled
                0x00004b88       0x24 src/c/nav.c.17.o
                0x00004b88                nav_set_enabled
 .text.nav_count_enabled
                0x00004bac       0x28 src/c/nav.c.17.o
                0x00004bac                nav_count_enabled
 .text.nav_active_enabled_index
                0x00004bd4       0x38 src/c/nav.c.17.o
                0x00004bd4                nav_active_enabled_index
 .text.indicator_layer_update
                0x00004c0c       0x2a src/c/nav.c.17.o
 *fill*         0x00004c36        0x2 
 .text.settings_load
                0x00004c38       0x40 src/c/settings.c.17.o
                0x00004c38                settings_load
 .text.settings_get_enabled
                0x00004c78       0x14 src/c/settings.c.17.o
                0x00004c78                settings_get_enabled
 .text.settings_set_enabled
                0x00004c8c       0x18 src/c/settings.c.17.o
                0x00004c8c                settings_set_enabled
 .text.settings_label
                0x00004ca4       0x1c src/c/settings.c.17.o
                0x00004ca4                settings_label
 .text.settings_cursor
                0x00004cc0        0xc src/c/settings.c.17.o
                0x00004cc0                settings_cursor
 .text.settings_cursor_advance
                0x00004ccc       0x1c src/c/settings.c.17.o
                0x00004ccc                settings_cursor_advance
 .text.theme_init
                0x00004ce8       0x20 src/c/theme.c.17.o
                0x00004ce8                theme_init
 .text.theme_get
                0x00004d08        0xc src/c/theme.c.17.o
                0x00004d08                theme_get
 .text.theme_bg
                0x00004d14       0x18 src/c/theme.c.17.o
                0x00004d14                theme_bg
 .text.theme_set
                0x00004d2c       0x34 src/c/theme.c.17.o
                0x00004d2c                theme_set
 .text.theme_fg
                0x00004d60       0x18 src/c/theme.c.17.o
                0x00004d60                theme_fg
 .text.theme_muted
                0x00004d78       0x18 src/c/theme.c.17.o
                0x00004d78                theme_muted
 .text.theme_secondary
                0x00004d90       0x18 src/c/theme.c.17.o
                0x00004d90                theme_secondary
 .text.theme_accent_orange
                0x00004da8        0x6 src/c/theme.c.17.o
                0x00004da8                theme_accent_orange
 .text.theme_accent_blue
                0x00004dae        0x6 src/c/theme.c.17.o
                0x00004dae                theme_accent_blue
 .text.theme_accent_advice
                0x00004db4        0x6 src/c/theme.c.17.o
                0x00004db4                theme_accent_advice
 .text.theme_indicator_active
                0x00004dba        0x4 src/c/theme.c.17.o
                0x00004dba                theme_indicator_active
 .text.theme_indicator_inactive
                0x00004dbe        0x4 src/c/theme.c.17.o
                0x00004dbe                theme_indicator_inactive
 *fill*         0x00004dc2        0x2 
 .text.theme_apply_to_window
                0x00004dc4       0x24 src/c/theme.c.17.o
                0x00004dc4                theme_apply_to_window
 .text.ui_draw_status_banner
                0x00004de8      0x16c src/c/ui.c.17.o
                0x00004de8                ui_draw_status_banner
 .text.ui_draw_auto_banner
                0x00004f54       0x2a src/c/ui.c.17.o
                0x00004f54                ui_draw_auto_banner
 *fill*         0x00004f7e        0x2 
 .text.ui_draw_card_header_with_icon
                0x00004f80       0xd4 src/c/ui.c.17.o
                0x00004f80                ui_draw_card_header_with_icon
 .text.ui_draw_dotted_hline
                0x00005054       0x7a src/c/ui.c.17.o
                0x00005054                ui_draw_dotted_hline
 *fill*         0x000050ce        0x2 
 .text.weather_data_init_mock
                0x000050d0      0x1fc src/c/weather_data.c.17.o
                0x000050d0                weather_data_init_mock
 .text.weather_data_get
                0x000052cc        0xc src/c/weather_data.c.17.o
                0x000052cc                weather_data_get
 .text.uv_label
                0x000052d8       0x44 src/c/weather_data.c.17.o
                0x000052d8                uv_label
 .text.aqi_label
                0x0000531c       0x54 src/c/weather_data.c.17.o
                0x0000531c                aqi_label
 .text.app_event_loop
                0x00005370        0xc /Users/jaredwuerzburger/Library/Application Support/Pebble SDK/SDKs/current/sdk-core/pebble/emery/lib/libpebble.a(tmpilr_pxvspebble.o)
                0x00005370                app_event_loop
 .text.app_log  0x0000537c        0xc /Users/jaredwuerzburger/Library/Application Support/Pebble SDK/SDKs/current/sdk-core/pebble/emery/lib/libpebble.a(tmpilr_pxvspebble.o)
                0x0000537c                app_log
 .text.app_message_deregister_callbacks
                0x00005388        0xc /Users/jaredwuerzburger/Library/Application Support/Pebble SDK/SDKs/current/sdk-core/pebble/emery/lib/libpebble.a(tmpilr_pxvspebble.o)
                0x00005388                app_message_deregister_callbacks
 .text.app_message_open
                0x00005394        0xc /Users/jaredwuerzburger/Library/Application Support/Pebble SDK/SDKs/current/sdk-core/pebble/emery/lib/libpebble.a(tmpilr_pxvspebble.o)
                0x00005394                app_message_open
 .text.app_timer_cancel
                0x000053a0        0xc /Users/jaredwuerzburger/Library/Application Support/Pebble SDK/SDKs/current/sdk-core/pebble/emery/lib/libpebble.a(tmpilr_pxvspebble.o)
                0x000053a0                app_timer_cancel
 .text.app_timer_register
                0x000053ac        0xc /Users/jaredwuerzburger/Library/Application Support/Pebble SDK/SDKs/current/sdk-core/pebble/emery/lib/libpebble.a(tmpilr_pxvspebble.o)
                0x000053ac                app_timer_register
 .text.atoi     0x000053b8        0xc /Users/jaredwuerzburger/Library/Application Support/Pebble SDK/SDKs/current/sdk-core/pebble/emery/lib/libpebble.a(tmpilr_pxvspebble.o)
                0x000053b8                atoi
 .text.cos_lookup
                0x000053c4        0xc /Users/jaredwuerzburger/Library/Application Support/Pebble SDK/SDKs/current/sdk-core/pebble/emery/lib/libpebble.a(tmpilr_pxvspebble.o)
                0x000053c4                cos_lookup
 .text.dict_find
                0x000053d0        0xc /Users/jaredwuerzburger/Library/Application Support/Pebble SDK/SDKs/current/sdk-core/pebble/emery/lib/libpebble.a(tmpilr_pxvspebble.o)
                0x000053d0                dict_find
 .text.dict_write_end
                0x000053dc        0xc /Users/jaredwuerzburger/Library/Application Support/Pebble SDK/SDKs/current/sdk-core/pebble/emery/lib/libpebble.a(tmpilr_pxvspebble.o)
                0x000053dc                dict_write_end
 .text.dict_write_uint8
                0x000053e8        0xc /Users/jaredwuerzburger/Library/Application Support/Pebble SDK/SDKs/current/sdk-core/pebble/emery/lib/libpebble.a(tmpilr_pxvspebble.o)
                0x000053e8                dict_write_uint8
 .text.fonts_get_system_font
                0x000053f4        0xc /Users/jaredwuerzburger/Library/Application Support/Pebble SDK/SDKs/current/sdk-core/pebble/emery/lib/libpebble.a(tmpilr_pxvspebble.o)
                0x000053f4                fonts_get_system_font
 .text.free     0x00005400        0xc /Users/jaredwuerzburger/Library/Application Support/Pebble SDK/SDKs/current/sdk-core/pebble/emery/lib/libpebble.a(tmpilr_pxvspebble.o)
                0x00005400                free
 .text.gbitmap_destroy
                0x0000540c        0xc /Users/jaredwuerzburger/Library/Application Support/Pebble SDK/SDKs/current/sdk-core/pebble/emery/lib/libpebble.a(tmpilr_pxvspebble.o)
                0x0000540c                gbitmap_destroy
 .text.gpath_create
                0x00005418        0xc /Users/jaredwuerzburger/Library/Application Support/Pebble SDK/SDKs/current/sdk-core/pebble/emery/lib/libpebble.a(tmpilr_pxvspebble.o)
                0x00005418                gpath_create
 .text.gpath_destroy
                0x00005424        0xc /Users/jaredwuerzburger/Library/Application Support/Pebble SDK/SDKs/current/sdk-core/pebble/emery/lib/libpebble.a(tmpilr_pxvspebble.o)
                0x00005424                gpath_destroy
 .text.gpath_move_to
                0x00005430        0xc /Users/jaredwuerzburger/Library/Application Support/Pebble SDK/SDKs/current/sdk-core/pebble/emery/lib/libpebble.a(tmpilr_pxvspebble.o)
                0x00005430                gpath_move_to
 .text.graphics_context_set_compositing_mode
                0x0000543c        0xc /Users/jaredwuerzburger/Library/Application Support/Pebble SDK/SDKs/current/sdk-core/pebble/emery/lib/libpebble.a(tmpilr_pxvspebble.o)
                0x0000543c                graphics_context_set_compositing_mode
 .text.graphics_draw_bitmap_in_rect
                0x00005448        0xc /Users/jaredwuerzburger/Library/Application Support/Pebble SDK/SDKs/current/sdk-core/pebble/emery/lib/libpebble.a(tmpilr_pxvspebble.o)
                0x00005448                graphics_draw_bitmap_in_rect
 .text.graphics_draw_circle
                0x00005454        0xc /Users/jaredwuerzburger/Library/Application Support/Pebble SDK/SDKs/current/sdk-core/pebble/emery/lib/libpebble.a(tmpilr_pxvspebble.o)
                0x00005454                graphics_draw_circle
 .text.graphics_draw_line
                0x00005460        0xc /Users/jaredwuerzburger/Library/Application Support/Pebble SDK/SDKs/current/sdk-core/pebble/emery/lib/libpebble.a(tmpilr_pxvspebble.o)
                0x00005460                graphics_draw_line
 .text.graphics_draw_pixel
                0x0000546c        0xc /Users/jaredwuerzburger/Library/Application Support/Pebble SDK/SDKs/current/sdk-core/pebble/emery/lib/libpebble.a(tmpilr_pxvspebble.o)
                0x0000546c                graphics_draw_pixel
 .text.graphics_draw_rect
                0x00005478        0xc /Users/jaredwuerzburger/Library/Application Support/Pebble SDK/SDKs/current/sdk-core/pebble/emery/lib/libpebble.a(tmpilr_pxvspebble.o)
                0x00005478                graphics_draw_rect
 .text.graphics_draw_round_rect
                0x00005484        0xc /Users/jaredwuerzburger/Library/Application Support/Pebble SDK/SDKs/current/sdk-core/pebble/emery/lib/libpebble.a(tmpilr_pxvspebble.o)
                0x00005484                graphics_draw_round_rect
 .text.graphics_fill_circle
                0x00005490        0xc /Users/jaredwuerzburger/Library/Application Support/Pebble SDK/SDKs/current/sdk-core/pebble/emery/lib/libpebble.a(tmpilr_pxvspebble.o)
                0x00005490                graphics_fill_circle
 .text.graphics_fill_rect
                0x0000549c        0xc /Users/jaredwuerzburger/Library/Application Support/Pebble SDK/SDKs/current/sdk-core/pebble/emery/lib/libpebble.a(tmpilr_pxvspebble.o)
                0x0000549c                graphics_fill_rect
 .text.layer_add_child
                0x000054a8        0xc /Users/jaredwuerzburger/Library/Application Support/Pebble SDK/SDKs/current/sdk-core/pebble/emery/lib/libpebble.a(tmpilr_pxvspebble.o)
                0x000054a8                layer_add_child
 .text.layer_create
                0x000054b4        0xc /Users/jaredwuerzburger/Library/Application Support/Pebble SDK/SDKs/current/sdk-core/pebble/emery/lib/libpebble.a(tmpilr_pxvspebble.o)
                0x000054b4                layer_create
 .text.layer_destroy
                0x000054c0        0xc /Users/jaredwuerzburger/Library/Application Support/Pebble SDK/SDKs/current/sdk-core/pebble/emery/lib/libpebble.a(tmpilr_pxvspebble.o)
                0x000054c0                layer_destroy
 .text.layer_get_bounds
                0x000054cc        0xc /Users/jaredwuerzburger/Library/Application Support/Pebble SDK/SDKs/current/sdk-core/pebble/emery/lib/libpebble.a(tmpilr_pxvspebble.o)
                0x000054cc                layer_get_bounds
 .text.layer_mark_dirty
                0x000054d8        0xc /Users/jaredwuerzburger/Library/Application Support/Pebble SDK/SDKs/current/sdk-core/pebble/emery/lib/libpebble.a(tmpilr_pxvspebble.o)
                0x000054d8                layer_mark_dirty
 .text.layer_set_update_proc
                0x000054e4        0xc /Users/jaredwuerzburger/Library/Application Support/Pebble SDK/SDKs/current/sdk-core/pebble/emery/lib/libpebble.a(tmpilr_pxvspebble.o)
                0x000054e4                layer_set_update_proc
 .text.malloc   0x000054f0        0xc /Users/jaredwuerzburger/Library/Application Support/Pebble SDK/SDKs/current/sdk-core/pebble/emery/lib/libpebble.a(tmpilr_pxvspebble.o)
                0x000054f0                malloc
 .text.memcpy   0x000054fc        0xc /Users/jaredwuerzburger/Library/Application Support/Pebble SDK/SDKs/current/sdk-core/pebble/emery/lib/libpebble.a(tmpilr_pxvspebble.o)
                0x000054fc                memcpy
 .text.memset   0x00005508        0xc /Users/jaredwuerzburger/Library/Application Support/Pebble SDK/SDKs/current/sdk-core/pebble/emery/lib/libpebble.a(tmpilr_pxvspebble.o)
                0x00005508                memset
 .text.persist_exists
                0x00005514        0xc /Users/jaredwuerzburger/Library/Application Support/Pebble SDK/SDKs/current/sdk-core/pebble/emery/lib/libpebble.a(tmpilr_pxvspebble.o)
                0x00005514                persist_exists
 .text.persist_read_bool
                0x00005520        0xc /Users/jaredwuerzburger/Library/Application Support/Pebble SDK/SDKs/current/sdk-core/pebble/emery/lib/libpebble.a(tmpilr_pxvspebble.o)
                0x00005520                persist_read_bool
 .text.persist_read_int
                0x0000552c        0xc /Users/jaredwuerzburger/Library/Application Support/Pebble SDK/SDKs/current/sdk-core/pebble/emery/lib/libpebble.a(tmpilr_pxvspebble.o)
                0x0000552c                persist_read_int
 .text.persist_write_bool
                0x00005538        0xc /Users/jaredwuerzburger/Library/Application Support/Pebble SDK/SDKs/current/sdk-core/pebble/emery/lib/libpebble.a(tmpilr_pxvspebble.o)
                0x00005538                persist_write_bool
 .text.persist_write_int
                0x00005544        0xc /Users/jaredwuerzburger/Library/Application Support/Pebble SDK/SDKs/current/sdk-core/pebble/emery/lib/libpebble.a(tmpilr_pxvspebble.o)
                0x00005544                persist_write_int
 .text.sin_lookup
                0x00005550        0xc /Users/jaredwuerzburger/Library/Application Support/Pebble SDK/SDKs/current/sdk-core/pebble/emery/lib/libpebble.a(tmpilr_pxvspebble.o)
                0x00005550                sin_lookup
 .text.snprintf
                0x0000555c        0xc /Users/jaredwuerzburger/Library/Application Support/Pebble SDK/SDKs/current/sdk-core/pebble/emery/lib/libpebble.a(tmpilr_pxvspebble.o)
                0x0000555c                snprintf
 .text.strcmp   0x00005568        0xc /Users/jaredwuerzburger/Library/Application Support/Pebble SDK/SDKs/current/sdk-core/pebble/emery/lib/libpebble.a(tmpilr_pxvspebble.o)
                0x00005568                strcmp
 .text.strcpy   0x00005574        0xc /Users/jaredwuerzburger/Library/Application Support/Pebble SDK/SDKs/current/sdk-core/pebble/emery/lib/libpebble.a(tmpilr_pxvspebble.o)
                0x00005574                strcpy
 .text.strncpy  0x00005580        0xc /Users/jaredwuerzburger/Library/Application Support/Pebble SDK/SDKs/current/sdk-core/pebble/emery/lib/libpebble.a(tmpilr_pxvspebble.o)
                0x00005580                strncpy
 .text.window_create
                0x0000558c        0xc /Users/jaredwuerzburger/Library/Application Support/Pebble SDK/SDKs/current/sdk-core/pebble/emery/lib/libpebble.a(tmpilr_pxvspebble.o)
                0x0000558c                window_create
 .text.window_destroy
                0x00005598        0xc /Users/jaredwuerzburger/Library/Application Support/Pebble SDK/SDKs/current/sdk-core/pebble/emery/lib/libpebble.a(tmpilr_pxvspebble.o)
                0x00005598                window_destroy
 .text.window_get_root_layer
                0x000055a4        0xc /Users/jaredwuerzburger/Library/Application Support/Pebble SDK/SDKs/current/sdk-core/pebble/emery/lib/libpebble.a(tmpilr_pxvspebble.o)
                0x000055a4                window_get_root_layer
 .text.window_set_click_config_provider
                0x000055b0        0xc /Users/jaredwuerzburger/Library/Application Support/Pebble SDK/SDKs/current/sdk-core/pebble/emery/lib/libpebble.a(tmpilr_pxvspebble.o)
                0x000055b0                window_set_click_config_provider
 .text.window_set_window_handlers
                0x000055bc        0xc /Users/jaredwuerzburger/Library/Application Support/Pebble SDK/SDKs/current/sdk-core/pebble/emery/lib/libpebble.a(tmpilr_pxvspebble.o)
                0x000055bc                window_set_window_handlers
 .text.window_stack_push
                0x000055c8        0xc /Users/jaredwuerzburger/Library/Application Support/Pebble SDK/SDKs/current/sdk-core/pebble/emery/lib/libpebble.a(tmpilr_pxvspebble.o)
                0x000055c8                window_stack_push
 .text.app_message_outbox_begin
                0x000055d4        0xc /Users/jaredwuerzburger/Library/Application Support/Pebble SDK/SDKs/current/sdk-core/pebble/emery/lib/libpebble.a(tmpilr_pxvspebble.o)
                0x000055d4                app_message_outbox_begin
 .text.app_message_outbox_send
                0x000055e0        0xc /Users/jaredwuerzburger/Library/Application Support/Pebble SDK/SDKs/current/sdk-core/pebble/emery/lib/libpebble.a(tmpilr_pxvspebble.o)
                0x000055e0                app_message_outbox_send
 .text.app_message_register_inbox_dropped
                0x000055ec        0xc /Users/jaredwuerzburger/Library/Application Support/Pebble SDK/SDKs/current/sdk-core/pebble/emery/lib/libpebble.a(tmpilr_pxvspebble.o)
                0x000055ec                app_message_register_inbox_dropped
 .text.app_message_register_inbox_received
                0x000055f8        0xc /Users/jaredwuerzburger/Library/Application Support/Pebble SDK/SDKs/current/sdk-core/pebble/emery/lib/libpebble.a(tmpilr_pxvspebble.o)
                0x000055f8                app_message_register_inbox_received
 .text.window_long_click_subscribe
                0x00005604        0xc /Users/jaredwuerzburger/Library/Application Support/Pebble SDK/SDKs/current/sdk-core/pebble/emery/lib/libpebble.a(tmpilr_pxvspebble.o)
                0x00005604                window_long_click_subscribe
 .text.window_single_click_subscribe
                0x00005610        0xc /Users/jaredwuerzburger/Library/Application Support/Pebble SDK/SDKs/current/sdk-core/pebble/emery/lib/libpebble.a(tmpilr_pxvspebble.o)
                0x00005610                window_single_click_subscribe
 .text.graphics_draw_text
                0x0000561c        0xc /Users/jaredwuerzburger/Library/Application Support/Pebble SDK/SDKs/current/sdk-core/pebble/emery/lib/libpebble.a(tmpilr_pxvspebble.o)
                0x0000561c                graphics_draw_text
 .text.persist_read_data
                0x00005628        0xc /Users/jaredwuerzburger/Library/Application Support/Pebble SDK/SDKs/current/sdk-core/pebble/emery/lib/libpebble.a(tmpilr_pxvspebble.o)
                0x00005628                persist_read_data
 .text.persist_write_data
                0x00005634        0xc /Users/jaredwuerzburger/Library/Application Support/Pebble SDK/SDKs/current/sdk-core/pebble/emery/lib/libpebble.a(tmpilr_pxvspebble.o)
                0x00005634                persist_write_data
 .text.graphics_text_layout_get_content_size
                0x00005640        0xc /Users/jaredwuerzburger/Library/Application Support/Pebble SDK/SDKs/current/sdk-core/pebble/emery/lib/libpebble.a(tmpilr_pxvspebble.o)
                0x00005640                graphics_text_layout_get_content_size
 .text.gpath_draw_filled
                0x0000564c        0xc /Users/jaredwuerzburger/Library/Application Support/Pebble SDK/SDKs/current/sdk-core/pebble/emery/lib/libpebble.a(tmpilr_pxvspebble.o)
                0x0000564c                gpath_draw_filled
 .text.graphics_context_set_fill_color
                0x00005658        0xc /Users/jaredwuerzburger/Library/Application Support/Pebble SDK/SDKs/current/sdk-core/pebble/emery/lib/libpebble.a(tmpilr_pxvspebble.o)
                0x00005658                graphics_context_set_fill_color
 .text.graphics_context_set_stroke_color
                0x00005664        0xc /Users/jaredwuerzburger/Library/Application Support/Pebble SDK/SDKs/current/sdk-core/pebble/emery/lib/libpebble.a(tmpilr_pxvspebble.o)
                0x00005664                graphics_context_set_stroke_color
 .text.graphics_context_set_text_color
                0x00005670        0xc /Users/jaredwuerzburger/Library/Application Support/Pebble SDK/SDKs/current/sdk-core/pebble/emery/lib/libpebble.a(tmpilr_pxvspebble.o)
                0x00005670                graphics_context_set_text_color
 .text.window_set_background_color
                0x0000567c        0xc /Users/jaredwuerzburger/Library/Application Support/Pebble SDK/SDKs/current/sdk-core/pebble/emery/lib/libpebble.a(tmpilr_pxvspebble.o)
                0x0000567c                window_set_background_color
 .text.gbitmap_create_blank
                0x00005688        0xc /Users/jaredwuerzburger/Library/Application Support/Pebble SDK/SDKs/current/sdk-core/pebble/emery/lib/libpebble.a(tmpilr_pxvspebble.o)
                0x00005688                gbitmap_create_blank
 .text.gbitmap_get_bytes_per_row
                0x00005694        0xc /Users/jaredwuerzburger/Library/Application Support/Pebble SDK/SDKs/current/sdk-core/pebble/emery/lib/libpebble.a(tmpilr_pxvspebble.o)
                0x00005694                gbitmap_get_bytes_per_row
 .text.gbitmap_get_data
                0x000056a0        0xc /Users/jaredwuerzburger/Library/Application Support/Pebble SDK/SDKs/current/sdk-core/pebble/emery/lib/libpebble.a(tmpilr_pxvspebble.o)
                0x000056a0                gbitmap_get_data
 .text.graphics_context_set_antialiased
                0x000056ac        0xc /Users/jaredwuerzburger/Library/Application Support/Pebble SDK/SDKs/current/sdk-core/pebble/emery/lib/libpebble.a(tmpilr_pxvspebble.o)
                0x000056ac                graphics_context_set_antialiased
 .text.graphics_context_set_stroke_width
                0x000056b8        0xc /Users/jaredwuerzburger/Library/Application Support/Pebble SDK/SDKs/current/sdk-core/pebble/emery/lib/libpebble.a(tmpilr_pxvspebble.o)
                0x000056b8                graphics_context_set_stroke_width
 .text.time     0x000056c4        0xc /Users/jaredwuerzburger/Library/Application Support/Pebble SDK/SDKs/current/sdk-core/pebble/emery/lib/libpebble.a(tmpilr_pxvspebble.o)
                0x000056c4                time
 .text.time_ms  0x000056d0        0xc /Users/jaredwuerzburger/Library/Application Support/Pebble SDK/SDKs/current/sdk-core/pebble/emery/lib/libpebble.a(tmpilr_pxvspebble.o)
                0x000056d0                time_ms
 .text.graphics_draw_arc
                0x000056dc        0xc /Users/jaredwuerzburger/Library/Application Support/Pebble SDK/SDKs/current/sdk-core/pebble/emery/lib/libpebble.a(tmpilr_pxvspebble.o)
                0x000056dc                graphics_draw_arc
 .text.graphics_fill_radial
                0x000056e8        0xc /Users/jaredwuerzburger/Library/Application Support/Pebble SDK/SDKs/current/sdk-core/pebble/emery/lib/libpebble.a(tmpilr_pxvspebble.o)
                0x000056e8                graphics_fill_radial
 .text.touch_service_is_enabled
                0x000056f4        0xc /Users/jaredwuerzburger/Library/Application Support/Pebble SDK/SDKs/current/sdk-core/pebble/emery/lib/libpebble.a(tmpilr_pxvspebble.o)
                0x000056f4                touch_service_is_enabled
 .text.touch_service_subscribe
                0x00005700        0xc /Users/jaredwuerzburger/Library/Application Support/Pebble SDK/SDKs/current/sdk-core/pebble/emery/lib/libpebble.a(tmpilr_pxvspebble.o)
                0x00005700                touch_service_subscribe
 .text.touch_service_unsubscribe
                0x0000570c        0xc /Users/jaredwuerzburger/Library/Application Support/Pebble SDK/SDKs/current/sdk-core/pebble/emery/lib/libpebble.a(tmpilr_pxvspebble.o)
                0x0000570c                touch_service_unsubscribe
 *(.rodata)
 .rodata        0x00005718       0x20 src/c/weather_data.c.17.o
 *(.rodata*)
 .rodata.prv_window_load.str1.1
                0x00005738     0x2d97 src/c/TouchWeather.c.17.o
                                 0x6f (size before relaxing)
 *fill*         0x000084cf        0x1 
 .rodata.s_toggle_to_card_idx
                0x000084d0       0x24 src/c/TouchWeather.c.17.o
 .rodata.prv_tick.str1.1
                0x000084f4        0xa src/c/anim.c.17.o
 .rodata.card_advice_draw.str1.1
                0x000084f4       0x7d src/c/cards/advice.c.17.o
 .rodata.str1.1
                0x000084f4     0x29f2 src/c/cards/advice.c.17.o
 .rodata.card_air_quality_draw.str1.1
                0x000084f4       0x46 src/c/cards/air_quality.c.17.o
 .rodata.card_golden_hour_draw.str1.1
                0x000084f4       0x31 src/c/cards/golden_hour.c.17.o
 .rodata.card_hours_draw.str1.1
                0x000084f4       0x48 src/c/cards/hours.c.17.o
 .rodata.card_main_draw.str1.1
                0x000084f4       0x70 src/c/cards/main_card.c.17.o
 .rodata.card_night_sky_draw.str1.1
                0x000084f4       0x64 src/c/cards/night_sky.c.17.o
 .rodata.card_precipitation_draw.str1.1
                0x000084f4       0x49 src/c/cards/precipitation.c.17.o
 .rodata.str1.1
                0x000084f4       0x14 src/c/cards/precipitation.c.17.o
 .rodata.card_radar_receive_chunk.str1.1
                0x000084f4       0x43 src/c/cards/radar.c.17.o
 .rodata.card_radar_draw.str1.1
                0x000084f4       0x9c src/c/cards/radar.c.17.o
 .rodata.card_settings_draw.str1.1
                0x000084f4       0x64 src/c/cards/settings.c.17.o
 .rodata.card_sun_cycle_draw.str1.1
                0x000084f4       0x25 src/c/cards/sun_cycle.c.17.o
 .rodata.card_uv_draw.str1.1
                0x000084f4       0x43 src/c/cards/uv.c.17.o
 .rodata.card_week_draw.str1.1
                0x000084f4       0x4d src/c/cards/week.c.17.o
 .rodata.prv_inbox_dropped.str1.1
                0x000084f4       0x1e src/c/comm.c.17.o
 .rodata.nav_current_name.str1.1
                0x000084f4        0x1 src/c/nav.c.17.o
 .rodata.settings_label.str1.1
                0x000084f4        0x1 src/c/settings.c.17.o
 .rodata.str1.1
                0x000084f4       0x4e src/c/settings.c.17.o
 .rodata.ui_draw_status_banner.str1.1
                0x000084f4       0x71 src/c/ui.c.17.o
 .rodata.ui_draw_header.str1.1
                0x000084f4       0x1b src/c/ui.c.17.o
 .rodata.weather_data_init_mock.str1.1
                0x000084f4       0x4d src/c/weather_data.c.17.o
 .rodata.uv_label.str1.1
                0x000084f4       0x21 src/c/weather_data.c.17.o
 .rodata.aqi_label.str1.1
                0x000084f4       0x25 src/c/weather_data.c.17.o

.glue_7         0x000084f4        0x0
 .glue_7        0x000084f4        0x0 linker stubs

.glue_7t        0x000084f4        0x0
 .glue_7t       0x000084f4        0x0 linker stubs

.vfp11_veneer   0x000084f4        0x0
 .vfp11_veneer  0x000084f4        0x0 linker stubs

.v4_bx          0x000084f4        0x0
 .v4_bx         0x000084f4        0x0 linker stubs

.init           0x000084f4        0x4
 .init          0x000084f4        0x4 /Users/jaredwuerzburger/Library/Application Support/Pebble SDK/SDKs/4.9.169/toolchain/arm-none-eabi/bin/../lib/gcc/arm-none-eabi/14.2.1/thumb/v7-m/nofp/crti.o
                0x000084f4                _init

.fini           0x000084f8        0x4
 .fini          0x000084f8        0x4 /Users/jaredwuerzburger/Library/Application Support/Pebble SDK/SDKs/4.9.169/toolchain/arm-none-eabi/bin/../lib/gcc/arm-none-eabi/14.2.1/thumb/v7-m/nofp/crti.o
                0x000084f8                _fini

.iplt           0x000084fc        0x0
 .iplt          0x000084fc        0x0 src/c/TouchWeather.c.17.o

.rel.dyn        0x000084fc        0x0
 .rel.iplt      0x000084fc        0x0 src/c/TouchWeather.c.17.o
 .rel.got       0x000084fc        0x0 src/c/TouchWeather.c.17.o

.data           0x000084fc      0x734
 *(.data)
 .data          0x000084fc        0x0 /Users/jaredwuerzburger/Library/Application Support/Pebble SDK/SDKs/4.9.169/toolchain/arm-none-eabi/bin/../lib/gcc/arm-none-eabi/14.2.1/thumb/v7-m/nofp/crti.o
 .data          0x000084fc        0x0 /Users/jaredwuerzburger/Library/Application Support/Pebble SDK/SDKs/4.9.169/toolchain/arm-none-eabi/bin/../lib/gcc/arm-none-eabi/14.2.1/thumb/v7-m/nofp/crtbegin.o
 .data          0x000084fc        0x0 /Users/jaredwuerzburger/Library/Application Support/Pebble SDK/SDKs/4.9.169/toolchain/arm-none-eabi/bin/../lib/gcc/arm-none-eabi/14.2.1/../../../../arm-none-eabi/lib/thumb/v7-m/nofp/crt0.o
 .data          0x000084fc        0x0 src/c/TouchWeather.c.17.o
 .data          0x000084fc        0x0 src/c/anim.c.17.o
 .data          0x000084fc        0x0 src/c/cards/advice.c.17.o
 .data          0x000084fc        0x0 src/c/cards/air_quality.c.17.o
 .data          0x000084fc        0x0 src/c/cards/golden_hour.c.17.o
 .data          0x000084fc        0x0 src/c/cards/hours.c.17.o
 .data          0x000084fc        0x0 src/c/cards/main_card.c.17.o
 .data          0x000084fc        0x0 src/c/cards/night_sky.c.17.o
 .data          0x000084fc       0x14 src/c/cards/precipitation.c.17.o
 .data          0x00008510        0x0 src/c/cards/radar.c.17.o
 .data          0x00008510        0x0 src/c/cards/settings.c.17.o
 .data          0x00008510        0x0 src/c/cards/sun_cycle.c.17.o
 .data          0x00008510        0x0 src/c/cards/uv.c.17.o
 .data          0x00008510        0x0 src/c/cards/week.c.17.o
 .data          0x00008510        0x0 src/c/comm.c.17.o
 .data          0x00008510        0x0 src/c/icons.c.17.o
 .data          0x00008510        0x0 src/c/nav.c.17.o
 .data          0x00008510        0x0 src/c/settings.c.17.o
 .data          0x00008510        0x0 src/c/theme.c.17.o
 .data          0x00008510        0x0 src/c/ui.c.17.o
 .data          0x00008510        0x0 src/c/weather_data.c.17.o
 .data          0x00008510        0x0 emery/appinfo.auto.c.17.o
 .data          0x00008510        0x0 emery/src/resource_ids.auto.c.17.o
 .data          0x00008510        0x0 src/message_keys.auto.c.17.o
 .data          0x00008510        0x0 /Users/jaredwuerzburger/Library/Application Support/Pebble SDK/SDKs/current/sdk-core/pebble/emery/lib/libpebble.a(tmpilr_pxvspebble.o)
 .data          0x00008510        0x0 /Users/jaredwuerzburger/Library/Application Support/Pebble SDK/SDKs/4.9.169/toolchain/arm-none-eabi/bin/../lib/gcc/arm-none-eabi/14.2.1/../../../../arm-none-eabi/lib/thumb/v7-m/nofp/libc.a(libc_a-atexit.o)
 .data          0x00008510        0x0 /Users/jaredwuerzburger/Library/Application Support/Pebble SDK/SDKs/4.9.169/toolchain/arm-none-eabi/bin/../lib/gcc/arm-none-eabi/14.2.1/../../../../arm-none-eabi/lib/thumb/v7-m/nofp/libc.a(libc_a-exit.o)
 .data          0x00008510        0x0 /Users/jaredwuerzburger/Library/Application Support/Pebble SDK/SDKs/4.9.169/toolchain/arm-none-eabi/bin/../lib/gcc/arm-none-eabi/14.2.1/../../../../arm-none-eabi/lib/thumb/v7-m/nofp/libc.a(libc_a-findfp.o)
 .data          0x00008510        0x0 /Users/jaredwuerzburger/Library/Application Support/Pebble SDK/SDKs/4.9.169/toolchain/arm-none-eabi/bin/../lib/gcc/arm-none-eabi/14.2.1/../../../../arm-none-eabi/lib/thumb/v7-m/nofp/libc.a(libc_a-impure.o)
 .data          0x00008510        0x0 /Users/jaredwuerzburger/Library/Application Support/Pebble SDK/SDKs/4.9.169/toolchain/arm-none-eabi/bin/../lib/gcc/arm-none-eabi/14.2.1/../../../../arm-none-eabi/lib/thumb/v7-m/nofp/libc.a(libc_a-init.o)
 .data          0x00008510        0x0 /Users/jaredwuerzburger/Library/Application Support/Pebble SDK/SDKs/4.9.169/toolchain/arm-none-eabi/bin/../lib/gcc/arm-none-eabi/14.2.1/../../../../arm-none-eabi/lib/thumb/v7-m/nofp/libc.a(libc_a-fini.o)
 .data          0x00008510        0x0 /Users/jaredwuerzburger/Library/Application Support/Pebble SDK/SDKs/4.9.169/toolchain/arm-none-eabi/bin/../lib/gcc/arm-none-eabi/14.2.1/../../../../arm-none-eabi/lib/thumb/v7-m/nofp/libc.a(libc_a-lock.o)
 .data          0x00008510        0x0 /Users/jaredwuerzburger/Library/Application Support/Pebble SDK/SDKs/4.9.169/toolchain/arm-none-eabi/bin/../lib/gcc/arm-none-eabi/14.2.1/../../../../arm-none-eabi/lib/thumb/v7-m/nofp/libc.a(libc_a-__atexit.o)
 .data          0x00008510        0x0 /Users/jaredwuerzburger/Library/Application Support/Pebble SDK/SDKs/4.9.169/toolchain/arm-none-eabi/bin/../lib/gcc/arm-none-eabi/14.2.1/../../../../arm-none-eabi/lib/thumb/v7-m/nofp/libc.a(libc_a-__call_atexit.o)
 .data          0x00008510        0x0 /Users/jaredwuerzburger/Library/Application Support/Pebble SDK/SDKs/4.9.169/toolchain/arm-none-eabi/bin/../lib/gcc/arm-none-eabi/14.2.1/../../../../arm-none-eabi/lib/thumb/v7-m/nofp/libc.a(libc_a-mallocr.o)
 .data          0x00008510        0x0 /Users/jaredwuerzburger/Library/Application Support/Pebble SDK/SDKs/4.9.169/toolchain/arm-none-eabi/bin/../lib/gcc/arm-none-eabi/14.2.1/../../../../arm-none-eabi/lib/thumb/v7-m/nofp/libc.a(libc_a-mlock.o)
 .data          0x00008510        0x0 /Users/jaredwuerzburger/Library/Application Support/Pebble SDK/SDKs/4.9.169/toolchain/arm-none-eabi/bin/../lib/gcc/arm-none-eabi/14.2.1/../../../../arm-none-eabi/lib/thumb/v7-m/nofp/libc.a(libc_a-fwalk.o)
 .data          0x00008510        0x0 /Users/jaredwuerzburger/Library/Application Support/Pebble SDK/SDKs/4.9.169/toolchain/arm-none-eabi/bin/../lib/gcc/arm-none-eabi/14.2.1/../../../../arm-none-eabi/lib/thumb/v7-m/nofp/libc.a(libc_a-fclose.o)
 .data          0x00008510        0x0 /Users/jaredwuerzburger/Library/Application Support/Pebble SDK/SDKs/4.9.169/toolchain/arm-none-eabi/bin/../lib/gcc/arm-none-eabi/14.2.1/../../../../arm-none-eabi/lib/thumb/v7-m/nofp/libc.a(libc_a-fflush.o)
 .data          0x00008510        0x0 /Users/jaredwuerzburger/Library/Application Support/Pebble SDK/SDKs/4.9.169/toolchain/arm-none-eabi/bin/../lib/gcc/arm-none-eabi/14.2.1/../../../../arm-none-eabi/lib/thumb/v7-m/nofp/libc.a(libc_a-stdio.o)
 .data          0x00008510        0x0 /Users/jaredwuerzburger/Library/Application Support/Pebble SDK/SDKs/4.9.169/toolchain/arm-none-eabi/bin/../lib/gcc/arm-none-eabi/14.2.1/../../../../arm-none-eabi/lib/thumb/v7-m/nofp/libc.a(libc_a-closer.o)
 .data          0x00008510        0x0 /Users/jaredwuerzburger/Library/Application Support/Pebble SDK/SDKs/4.9.169/toolchain/arm-none-eabi/bin/../lib/gcc/arm-none-eabi/14.2.1/../../../../arm-none-eabi/lib/thumb/v7-m/nofp/libc.a(libc_a-reent.o)
 .data          0x00008510        0x0 /Users/jaredwuerzburger/Library/Application Support/Pebble SDK/SDKs/4.9.169/toolchain/arm-none-eabi/bin/../lib/gcc/arm-none-eabi/14.2.1/../../../../arm-none-eabi/lib/thumb/v7-m/nofp/libc.a(libc_a-lseekr.o)
 .data          0x00008510        0x0 /Users/jaredwuerzburger/Library/Application Support/Pebble SDK/SDKs/4.9.169/toolchain/arm-none-eabi/bin/../lib/gcc/arm-none-eabi/14.2.1/../../../../arm-none-eabi/lib/thumb/v7-m/nofp/libc.a(libc_a-readr.o)
 .data          0x00008510        0x0 /Users/jaredwuerzburger/Library/Application Support/Pebble SDK/SDKs/4.9.169/toolchain/arm-none-eabi/bin/../lib/gcc/arm-none-eabi/14.2.1/../../../../arm-none-eabi/lib/thumb/v7-m/nofp/libc.a(libc_a-sbrkr.o)
 .data          0x00008510        0x0 /Users/jaredwuerzburger/Library/Application Support/Pebble SDK/SDKs/4.9.169/toolchain/arm-none-eabi/bin/../lib/gcc/arm-none-eabi/14.2.1/../../../../arm-none-eabi/lib/thumb/v7-m/nofp/libc.a(libc_a-writer.o)
 .data          0x00008510        0x0 /Users/jaredwuerzburger/Library/Application Support/Pebble SDK/SDKs/4.9.169/toolchain/arm-none-eabi/bin/../lib/gcc/arm-none-eabi/14.2.1/../../../../arm-none-eabi/lib/thumb/v7-m/nofp/libc.a(libc_a-sysconf.o)
 .data          0x00008510        0x0 /Users/jaredwuerzburger/Library/Application Support/Pebble SDK/SDKs/4.9.169/toolchain/arm-none-eabi/bin/../lib/gcc/arm-none-eabi/14.2.1/../../../../arm-none-eabi/lib/thumb/v7-m/nofp/libc.a(libc_a-freer.o)
 .data          0x00008510        0x0 /Users/jaredwuerzburger/Library/Application Support/Pebble SDK/SDKs/4.9.169/toolchain/arm-none-eabi/bin/../lib/gcc/arm-none-eabi/14.2.1/../../../../arm-none-eabi/lib/thumb/v7-m/nofp/libc.a(libc_a-errno.o)
 .data          0x00008510        0x0 /Users/jaredwuerzburger/Library/Application Support/Pebble SDK/SDKs/4.9.169/toolchain/arm-none-eabi/bin/../lib/gcc/arm-none-eabi/14.2.1/thumb/v7-m/nofp/crtend.o
 .data          0x00008510        0x0 /Users/jaredwuerzburger/Library/Application Support/Pebble SDK/SDKs/4.9.169/toolchain/arm-none-eabi/bin/../lib/gcc/arm-none-eabi/14.2.1/thumb/v7-m/nofp/crtn.o
 *(.data.*)
 .data.rel.ro.local.TIERS
                0x00008510       0x84 src/c/cards/advice.c.17.o
 .data.rel.ro.local.PHRASES_PLEASANT
                0x00008594       0x78 src/c/cards/advice.c.17.o
 .data.rel.ro.local.PHRASES_MUGGY
                0x0000860c       0x78 src/c/cards/advice.c.17.o
 .data.rel.ro.local.PHRASES_BAD_AIR
                0x00008684       0x78 src/c/cards/advice.c.17.o
 .data.rel.ro.local.PHRASES_HIGH_UV
                0x000086fc       0x78 src/c/cards/advice.c.17.o
 .data.rel.ro.local.PHRASES_WIND
                0x00008774       0x78 src/c/cards/advice.c.17.o
 .data.rel.ro.local.PHRASES_COLD
                0x000087ec       0x78 src/c/cards/advice.c.17.o
 .data.rel.ro.local.PHRASES_HOT
                0x00008864       0x78 src/c/cards/advice.c.17.o
 .data.rel.ro.local.PHRASES_SNOW
                0x000088dc       0x78 src/c/cards/advice.c.17.o
 .data.rel.ro.local.PHRASES_RAIN_NOW
                0x00008954       0x78 src/c/cards/advice.c.17.o
 .data.rel.ro.local.PHRASES_RAIN_SOON
                0x000089cc       0x78 src/c/cards/advice.c.17.o
 .data.rel.ro.local.PHRASES_STORM
                0x00008a44       0x78 src/c/cards/advice.c.17.o
 .data.rel.ro.local.s_labels
                0x00008abc       0x24 src/c/settings.c.17.o
 .data.s_enabled
                0x00008ae0        0x9 src/c/settings.c.17.o
 *fill*         0x00008ae9        0x3 
 .data.MESSAGE_KEY_WindDir
                0x00008aec        0x4 src/message_keys.auto.c.17.o
                0x00008aec                MESSAGE_KEY_WindDir
 .data.MESSAGE_KEY_Wind
                0x00008af0        0x4 src/message_keys.auto.c.17.o
                0x00008af0                MESSAGE_KEY_Wind
 .data.MESSAGE_KEY_Units
                0x00008af4        0x4 src/message_keys.auto.c.17.o
                0x00008af4                MESSAGE_KEY_Units
 .data.MESSAGE_KEY_UV
                0x00008af8        0x4 src/message_keys.auto.c.17.o
                0x00008af8                MESSAGE_KEY_UV
 .data.MESSAGE_KEY_Theme
                0x00008afc        0x4 src/message_keys.auto.c.17.o
                0x00008afc                MESSAGE_KEY_Theme
 .data.MESSAGE_KEY_Temp
                0x00008b00        0x4 src/message_keys.auto.c.17.o
                0x00008b00                MESSAGE_KEY_Temp
 .data.MESSAGE_KEY_Sunset
                0x00008b04        0x4 src/message_keys.auto.c.17.o
                0x00008b04                MESSAGE_KEY_Sunset
 .data.MESSAGE_KEY_Sunrise
                0x00008b08        0x4 src/message_keys.auto.c.17.o
                0x00008b08                MESSAGE_KEY_Sunrise
 .data.MESSAGE_KEY_RainAlertMinutes
                0x00008b0c        0x4 src/message_keys.auto.c.17.o
                0x00008b0c                MESSAGE_KEY_RainAlertMinutes
 .data.MESSAGE_KEY_RadarWidth
                0x00008b10        0x4 src/message_keys.auto.c.17.o
                0x00008b10                MESSAGE_KEY_RadarWidth
 .data.MESSAGE_KEY_RadarTimestamp
                0x00008b14        0x4 src/message_keys.auto.c.17.o
                0x00008b14                MESSAGE_KEY_RadarTimestamp
 .data.MESSAGE_KEY_RadarStatus
                0x00008b18        0x4 src/message_keys.auto.c.17.o
                0x00008b18                MESSAGE_KEY_RadarStatus
 .data.MESSAGE_KEY_RadarRequest
                0x00008b1c        0x4 src/message_keys.auto.c.17.o
                0x00008b1c                MESSAGE_KEY_RadarRequest
 .data.MESSAGE_KEY_RadarHeight
                0x00008b20        0x4 src/message_keys.auto.c.17.o
                0x00008b20                MESSAGE_KEY_RadarHeight
 .data.MESSAGE_KEY_RadarChunkTotal
                0x00008b24        0x4 src/message_keys.auto.c.17.o
                0x00008b24                MESSAGE_KEY_RadarChunkTotal
 .data.MESSAGE_KEY_RadarChunkIdx
                0x00008b28        0x4 src/message_keys.auto.c.17.o
                0x00008b28                MESSAGE_KEY_RadarChunkIdx
 .data.MESSAGE_KEY_RadarChunkData
                0x00008b2c        0x4 src/message_keys.auto.c.17.o
                0x00008b2c                MESSAGE_KEY_RadarChunkData
 .data.MESSAGE_KEY_Precip4
                0x00008b30        0x4 src/message_keys.auto.c.17.o
                0x00008b30                MESSAGE_KEY_Precip4
 .data.MESSAGE_KEY_Precip3
                0x00008b34        0x4 src/message_keys.auto.c.17.o
                0x00008b34                MESSAGE_KEY_Precip3
 .data.MESSAGE_KEY_Precip2
                0x00008b38        0x4 src/message_keys.auto.c.17.o
                0x00008b38                MESSAGE_KEY_Precip2
 .data.MESSAGE_KEY_Precip1
                0x00008b3c        0x4 src/message_keys.auto.c.17.o
                0x00008b3c                MESSAGE_KEY_Precip1
 .data.MESSAGE_KEY_Precip0
                0x00008b40        0x4 src/message_keys.auto.c.17.o
                0x00008b40                MESSAGE_KEY_Precip0
 .data.MESSAGE_KEY_MoonPhase
                0x00008b44        0x4 src/message_keys.auto.c.17.o
                0x00008b44                MESSAGE_KEY_MoonPhase
 .data.MESSAGE_KEY_MoonName2
                0x00008b48        0x4 src/message_keys.auto.c.17.o
                0x00008b48                MESSAGE_KEY_MoonName2
 .data.MESSAGE_KEY_MoonName1
                0x00008b4c        0x4 src/message_keys.auto.c.17.o
                0x00008b4c                MESSAGE_KEY_MoonName1
 .data.MESSAGE_KEY_MoonIllum
                0x00008b50        0x4 src/message_keys.auto.c.17.o
                0x00008b50                MESSAGE_KEY_MoonIllum
 .data.MESSAGE_KEY_Low
                0x00008b54        0x4 src/message_keys.auto.c.17.o
                0x00008b54                MESSAGE_KEY_Low
 .data.MESSAGE_KEY_LastUpdated
                0x00008b58        0x4 src/message_keys.auto.c.17.o
                0x00008b58                MESSAGE_KEY_LastUpdated
 .data.MESSAGE_KEY_Humidity
                0x00008b5c        0x4 src/message_keys.auto.c.17.o
                0x00008b5c                MESSAGE_KEY_Humidity
 .data.MESSAGE_KEY_Hour6Temp
                0x00008b60        0x4 src/message_keys.auto.c.17.o
                0x00008b60                MESSAGE_KEY_Hour6Temp
 .data.MESSAGE_KEY_Hour6Pop
                0x00008b64        0x4 src/message_keys.auto.c.17.o
                0x00008b64                MESSAGE_KEY_Hour6Pop
 .data.MESSAGE_KEY_Hour6Label
                0x00008b68        0x4 src/message_keys.auto.c.17.o
                0x00008b68                MESSAGE_KEY_Hour6Label
 .data.MESSAGE_KEY_Hour6Cond
                0x00008b6c        0x4 src/message_keys.auto.c.17.o
                0x00008b6c                MESSAGE_KEY_Hour6Cond
 .data.MESSAGE_KEY_Hour5Temp
                0x00008b70        0x4 src/message_keys.auto.c.17.o
                0x00008b70                MESSAGE_KEY_Hour5Temp
 .data.MESSAGE_KEY_Hour5Pop
                0x00008b74        0x4 src/message_keys.auto.c.17.o
                0x00008b74                MESSAGE_KEY_Hour5Pop
 .data.MESSAGE_KEY_Hour5Label
                0x00008b78        0x4 src/message_keys.auto.c.17.o
                0x00008b78                MESSAGE_KEY_Hour5Label
 .data.MESSAGE_KEY_Hour5Cond
                0x00008b7c        0x4 src/message_keys.auto.c.17.o
                0x00008b7c                MESSAGE_KEY_Hour5Cond
 .data.MESSAGE_KEY_Hour4Temp
                0x00008b80        0x4 src/message_keys.auto.c.17.o
                0x00008b80                MESSAGE_KEY_Hour4Temp
 .data.MESSAGE_KEY_Hour4Pop
                0x00008b84        0x4 src/message_keys.auto.c.17.o
                0x00008b84                MESSAGE_KEY_Hour4Pop
 .data.MESSAGE_KEY_Hour4Label
                0x00008b88        0x4 src/message_keys.auto.c.17.o
                0x00008b88                MESSAGE_KEY_Hour4Label
 .data.MESSAGE_KEY_Hour4Cond
                0x00008b8c        0x4 src/message_keys.auto.c.17.o
                0x00008b8c                MESSAGE_KEY_Hour4Cond
 .data.MESSAGE_KEY_Hour3Temp
                0x00008b90        0x4 src/message_keys.auto.c.17.o
                0x00008b90                MESSAGE_KEY_Hour3Temp
 .data.MESSAGE_KEY_Hour3Pop
                0x00008b94        0x4 src/message_keys.auto.c.17.o
                0x00008b94                MESSAGE_KEY_Hour3Pop
 .data.MESSAGE_KEY_Hour3Label
                0x00008b98        0x4 src/message_keys.auto.c.17.o
                0x00008b98                MESSAGE_KEY_Hour3Label
 .data.MESSAGE_KEY_Hour3Cond
                0x00008b9c        0x4 src/message_keys.auto.c.17.o
                0x00008b9c                MESSAGE_KEY_Hour3Cond
 .data.MESSAGE_KEY_Hour2Temp
                0x00008ba0        0x4 src/message_keys.auto.c.17.o
                0x00008ba0                MESSAGE_KEY_Hour2Temp
 .data.MESSAGE_KEY_Hour2Pop
                0x00008ba4        0x4 src/message_keys.auto.c.17.o
                0x00008ba4                MESSAGE_KEY_Hour2Pop
 .data.MESSAGE_KEY_Hour2Label
                0x00008ba8        0x4 src/message_keys.auto.c.17.o
                0x00008ba8                MESSAGE_KEY_Hour2Label
 .data.MESSAGE_KEY_Hour2Cond
                0x00008bac        0x4 src/message_keys.auto.c.17.o
                0x00008bac                MESSAGE_KEY_Hour2Cond
 .data.MESSAGE_KEY_Hour1Temp
                0x00008bb0        0x4 src/message_keys.auto.c.17.o
                0x00008bb0                MESSAGE_KEY_Hour1Temp
 .data.MESSAGE_KEY_Hour1Pop
                0x00008bb4        0x4 src/message_keys.auto.c.17.o
                0x00008bb4                MESSAGE_KEY_Hour1Pop
 .data.MESSAGE_KEY_Hour1Label
                0x00008bb8        0x4 src/message_keys.auto.c.17.o
                0x00008bb8                MESSAGE_KEY_Hour1Label
 .data.MESSAGE_KEY_Hour1Cond
                0x00008bbc        0x4 src/message_keys.auto.c.17.o
                0x00008bbc                MESSAGE_KEY_Hour1Cond
 .data.MESSAGE_KEY_High
                0x00008bc0        0x4 src/message_keys.auto.c.17.o
                0x00008bc0                MESSAGE_KEY_High
 .data.MESSAGE_KEY_GoldPm
                0x00008bc4        0x4 src/message_keys.auto.c.17.o
                0x00008bc4                MESSAGE_KEY_GoldPm
 .data.MESSAGE_KEY_GoldAm
                0x00008bc8        0x4 src/message_keys.auto.c.17.o
                0x00008bc8                MESSAGE_KEY_GoldAm
 .data.MESSAGE_KEY_FeelsLike
                0x00008bcc        0x4 src/message_keys.auto.c.17.o
                0x00008bcc                MESSAGE_KEY_FeelsLike
 .data.MESSAGE_KEY_Day3Pop
                0x00008bd0        0x4 src/message_keys.auto.c.17.o
                0x00008bd0                MESSAGE_KEY_Day3Pop
 .data.MESSAGE_KEY_Day3Low
                0x00008bd4        0x4 src/message_keys.auto.c.17.o
                0x00008bd4                MESSAGE_KEY_Day3Low
 .data.MESSAGE_KEY_Day3Label
                0x00008bd8        0x4 src/message_keys.auto.c.17.o
                0x00008bd8                MESSAGE_KEY_Day3Label
 .data.MESSAGE_KEY_Day3High
                0x00008bdc        0x4 src/message_keys.auto.c.17.o
                0x00008bdc                MESSAGE_KEY_Day3High
 .data.MESSAGE_KEY_Day3Cond
                0x00008be0        0x4 src/message_keys.auto.c.17.o
                0x00008be0                MESSAGE_KEY_Day3Cond
 .data.MESSAGE_KEY_Day2Pop
                0x00008be4        0x4 src/message_keys.auto.c.17.o
                0x00008be4                MESSAGE_KEY_Day2Pop
 .data.MESSAGE_KEY_Day2Low
                0x00008be8        0x4 src/message_keys.auto.c.17.o
                0x00008be8                MESSAGE_KEY_Day2Low
 .data.MESSAGE_KEY_Day2Label
                0x00008bec        0x4 src/message_keys.auto.c.17.o
                0x00008bec                MESSAGE_KEY_Day2Label
 .data.MESSAGE_KEY_Day2High
                0x00008bf0        0x4 src/message_keys.auto.c.17.o
                0x00008bf0                MESSAGE_KEY_Day2High
 .data.MESSAGE_KEY_Day2Cond
                0x00008bf4        0x4 src/message_keys.auto.c.17.o
                0x00008bf4                MESSAGE_KEY_Day2Cond
 .data.MESSAGE_KEY_Day1Pop
                0x00008bf8        0x4 src/message_keys.auto.c.17.o
                0x00008bf8                MESSAGE_KEY_Day1Pop
 .data.MESSAGE_KEY_Day1Low
                0x00008bfc        0x4 src/message_keys.auto.c.17.o
                0x00008bfc                MESSAGE_KEY_Day1Low
 .data.MESSAGE_KEY_Day1Label
                0x00008c00        0x4 src/message_keys.auto.c.17.o
                0x00008c00                MESSAGE_KEY_Day1Label
 .data.MESSAGE_KEY_Day1High
                0x00008c04        0x4 src/message_keys.auto.c.17.o
                0x00008c04                MESSAGE_KEY_Day1High
 .data.MESSAGE_KEY_Day1Cond
                0x00008c08        0x4 src/message_keys.auto.c.17.o
                0x00008c08                MESSAGE_KEY_Day1Cond
 .data.MESSAGE_KEY_Day0Pop
                0x00008c0c        0x4 src/message_keys.auto.c.17.o
                0x00008c0c                MESSAGE_KEY_Day0Pop
 .data.MESSAGE_KEY_Day0Low
                0x00008c10        0x4 src/message_keys.auto.c.17.o
                0x00008c10                MESSAGE_KEY_Day0Low
 .data.MESSAGE_KEY_Day0Label
                0x00008c14        0x4 src/message_keys.auto.c.17.o
                0x00008c14                MESSAGE_KEY_Day0Label
 .data.MESSAGE_KEY_Day0High
                0x00008c18        0x4 src/message_keys.auto.c.17.o
                0x00008c18                MESSAGE_KEY_Day0High
 .data.MESSAGE_KEY_Day0Cond
                0x00008c1c        0x4 src/message_keys.auto.c.17.o
                0x00008c1c                MESSAGE_KEY_Day0Cond
 .data.MESSAGE_KEY_Condition
                0x00008c20        0x4 src/message_keys.auto.c.17.o
                0x00008c20                MESSAGE_KEY_Condition
 .data.MESSAGE_KEY_BluePm
                0x00008c24        0x4 src/message_keys.auto.c.17.o
                0x00008c24                MESSAGE_KEY_BluePm
 .data.MESSAGE_KEY_BlueAm
                0x00008c28        0x4 src/message_keys.auto.c.17.o
                0x00008c28                MESSAGE_KEY_BlueAm
 .data.MESSAGE_KEY_AQI
                0x00008c2c        0x4 src/message_keys.auto.c.17.o
                0x00008c2c                MESSAGE_KEY_AQI

.igot.plt       0x00008c30        0x0
 .igot.plt      0x00008c30        0x0 src/c/TouchWeather.c.17.o

.got            0x00008c30      0x19c
 .got           0x00008c30      0x19c src/c/TouchWeather.c.17.o

.got.plt        0x00008dcc        0xc
 .got.plt       0x00008dcc        0xc src/c/TouchWeather.c.17.o
                0x00008dcc                _GLOBAL_OFFSET_TABLE_

.bss            0x00008dd8      0x228
 *(.bss)
 *(.bss.*)
 .bss.s_start_y
                0x00008dd8        0x2 src/c/TouchWeather.c.17.o
 .bss.s_start_x
                0x00008dda        0x2 src/c/TouchWeather.c.17.o
 .bss.s_tracking
                0x00008ddc        0x1 src/c/TouchWeather.c.17.o
 *fill*         0x00008ddd        0x3 
 .bss.s_window  0x00008de0        0x4 src/c/TouchWeather.c.17.o
 .bss.s_frame   0x00008de4        0x4 src/c/anim.c.17.o
 .bss.s_timer   0x00008de8        0x4 src/c/anim.c.17.o
 .bss.s_audited
                0x00008dec        0x1 src/c/cards/advice.c.17.o
 *fill*         0x00008ded        0x3 
 .bss.s_last_request_secs
                0x00008df0        0x4 src/c/cards/radar.c.17.o
 .bss.s_bitmap  0x00008df4        0x4 src/c/cards/radar.c.17.o
 .bss.s_chunks_received
                0x00008df8        0x4 src/c/cards/radar.c.17.o
 .bss.s_chunks_total
                0x00008dfc        0x4 src/c/cards/radar.c.17.o
 .bss.s_buf_total
                0x00008e00        0x4 src/c/cards/radar.c.17.o
 .bss.s_buf_h   0x00008e04        0x4 src/c/cards/radar.c.17.o
 .bss.s_buf_w   0x00008e08        0x4 src/c/cards/radar.c.17.o
 .bss.s_buf     0x00008e0c        0x4 src/c/cards/radar.c.17.o
 .bss.s_state   0x00008e10        0x1 src/c/cards/radar.c.17.o
 *fill*         0x00008e11        0x3 
 .bss.s_update_cb
                0x00008e14        0x4 src/c/comm.c.17.o
 .bss.s_anim_timer
                0x00008e18        0x4 src/c/nav.c.17.o
 *fill*         0x00008e1c        0x4 
 .bss.s_anim_start_ms
                0x00008e20        0x8 src/c/nav.c.17.o
 .bss.s_anim_dir
                0x00008e28        0x4 src/c/nav.c.17.o
 .bss.s_anim_to_idx
                0x00008e2c        0x4 src/c/nav.c.17.o
 .bss.s_anim_from_idx
                0x00008e30        0x4 src/c/nav.c.17.o
 .bss.s_anim_active
                0x00008e34        0x1 src/c/nav.c.17.o
 *fill*         0x00008e35        0x3 
 .bss.s_indicator_layer
                0x00008e38        0x4 src/c/nav.c.17.o
 .bss.s_card_layer
                0x00008e3c        0x4 src/c/nav.c.17.o
 .bss.s_current
                0x00008e40        0x4 src/c/nav.c.17.o
 .bss.s_card_count
                0x00008e44        0x4 src/c/nav.c.17.o
 .bss.s_enabled
                0x00008e48       0x10 src/c/nav.c.17.o
 .bss.s_cards   0x00008e58       0x80 src/c/nav.c.17.o
 .bss.s_cursor  0x00008ed8        0x4 src/c/settings.c.17.o
 .bss.s_window  0x00008edc        0x4 src/c/theme.c.17.o
 .bss.s_mode    0x00008ee0        0x1 src/c/theme.c.17.o
 *fill*         0x00008ee1        0x3 
 .bss.s_data    0x00008ee4      0x11c src/c/weather_data.c.17.o

DISCARD
 libc.a(*)
 libm.a(*)
 libgcc.a(*)
 *(.eh_frame)
OUTPUT(/Users/jaredwuerzburger/Documents/GitHub/TouchWeather/TouchWeather/build/emery/pebble-app.elf elf32-littlearm)
LOAD linker stubs
LOAD /Users/jaredwuerzburger/Library/Application Support/Pebble SDK/SDKs/4.9.169/toolchain/arm-none-eabi/bin/../lib/gcc/arm-none-eabi/14.2.1/../../../../arm-none-eabi/lib/thumb/v7-m/nofp/libc.a
LOAD /Users/jaredwuerzburger/Library/Application Support/Pebble SDK/SDKs/4.9.169/toolchain/arm-none-eabi/bin/../lib/gcc/arm-none-eabi/14.2.1/../../../../arm-none-eabi/lib/thumb/v7-m/nofp/libm.a
LOAD /Users/jaredwuerzburger/Library/Application Support/Pebble SDK/SDKs/4.9.169/toolchain/arm-none-eabi/bin/../lib/gcc/arm-none-eabi/14.2.1/thumb/v7-m/nofp/libgcc.a

.ARM.attributes
                0x00000000       0x29
 .ARM.attributes
                0x00000000       0x1d /Users/jaredwuerzburger/Library/Application Support/Pebble SDK/SDKs/4.9.169/toolchain/arm-none-eabi/bin/../lib/gcc/arm-none-eabi/14.2.1/thumb/v7-m/nofp/crti.o
 .ARM.attributes
                0x0000001d       0x2d /Users/jaredwuerzburger/Library/Application Support/Pebble SDK/SDKs/4.9.169/toolchain/arm-none-eabi/bin/../lib/gcc/arm-none-eabi/14.2.1/thumb/v7-m/nofp/crtbegin.o
 .ARM.attributes
                0x0000004a       0x1b /Users/jaredwuerzburger/Library/Application Support/Pebble SDK/SDKs/4.9.169/toolchain/arm-none-eabi/bin/../lib/gcc/arm-none-eabi/14.2.1/../../../../arm-none-eabi/lib/thumb/v7-m/nofp/crt0.o
 .ARM.attributes
                0x00000065       0x2d src/c/TouchWeather.c.17.o
 .ARM.attributes
                0x00000092       0x2d src/c/anim.c.17.o
 .ARM.attributes
                0x000000bf       0x2d src/c/cards/advice.c.17.o
 .ARM.attributes
                0x000000ec       0x2d src/c/cards/air_quality.c.17.o
 .ARM.attributes
                0x00000119       0x2d src/c/cards/golden_hour.c.17.o
 .ARM.attributes
                0x00000146       0x2d src/c/cards/hours.c.17.o
 .ARM.attributes
                0x00000173       0x2d src/c/cards/main_card.c.17.o
 .ARM.attributes
                0x000001a0       0x2d src/c/cards/night_sky.c.17.o
 .ARM.attributes
                0x000001cd       0x2d src/c/cards/precipitation.c.17.o
 .ARM.attributes
                0x000001fa       0x2d src/c/cards/radar.c.17.o
 .ARM.attributes
                0x00000227       0x2d src/c/cards/settings.c.17.o
 .ARM.attributes
                0x00000254       0x2d src/c/cards/sun_cycle.c.17.o
 .ARM.attributes
                0x00000281       0x2d src/c/cards/uv.c.17.o
 .ARM.attributes
                0x000002ae       0x2d src/c/cards/week.c.17.o
 .ARM.attributes
                0x000002db       0x2d src/c/comm.c.17.o
 .ARM.attributes
                0x00000308       0x2d src/c/icons.c.17.o
 .ARM.attributes
                0x00000335       0x2d src/c/nav.c.17.o
 .ARM.attributes
                0x00000362       0x2d src/c/settings.c.17.o
 .ARM.attributes
                0x0000038f       0x2d src/c/theme.c.17.o
 .ARM.attributes
                0x000003bc       0x2d src/c/ui.c.17.o
 .ARM.attributes
                0x000003e9       0x2d src/c/weather_data.c.17.o
 .ARM.attributes
                0x00000416       0x2d emery/appinfo.auto.c.17.o
 .ARM.attributes
                0x00000443       0x2d emery/src/resource_ids.auto.c.17.o
 .ARM.attributes
                0x00000470       0x2d src/message_keys.auto.c.17.o
 .ARM.attributes
                0x0000049d       0x1b /Users/jaredwuerzburger/Library/Application Support/Pebble SDK/SDKs/current/sdk-core/pebble/emery/lib/libpebble.a(tmpilr_pxvspebble.o)
 .ARM.attributes
                0x000004b8       0x2d /Users/jaredwuerzburger/Library/Application Support/Pebble SDK/SDKs/4.9.169/toolchain/arm-none-eabi/bin/../lib/gcc/arm-none-eabi/14.2.1/../../../../arm-none-eabi/lib/thumb/v7-m/nofp/libc.a(libc_a-atexit.o)
 .ARM.attributes
                0x000004e5       0x2d /Users/jaredwuerzburger/Library/Application Support/Pebble SDK/SDKs/4.9.169/toolchain/arm-none-eabi/bin/../lib/gcc/arm-none-eabi/14.2.1/../../../../arm-none-eabi/lib/thumb/v7-m/nofp/libc.a(libc_a-exit.o)
 .ARM.attributes
                0x00000512       0x2d /Users/jaredwuerzburger/Library/Application Support/Pebble SDK/SDKs/4.9.169/toolchain/arm-none-eabi/bin/../lib/gcc/arm-none-eabi/14.2.1/../../../../arm-none-eabi/lib/thumb/v7-m/nofp/libc.a(libc_a-findfp.o)
 .ARM.attributes
                0x0000053f       0x2d /Users/jaredwuerzburger/Library/Application Support/Pebble SDK/SDKs/4.9.169/toolchain/arm-none-eabi/bin/../lib/gcc/arm-none-eabi/14.2.1/../../../../arm-none-eabi/lib/thumb/v7-m/nofp/libc.a(libc_a-impure.o)
 .ARM.attributes
                0x0000056c       0x2d /Users/jaredwuerzburger/Library/Application Support/Pebble SDK/SDKs/4.9.169/toolchain/arm-none-eabi/bin/../lib/gcc/arm-none-eabi/14.2.1/../../../../arm-none-eabi/lib/thumb/v7-m/nofp/libc.a(libc_a-init.o)
 .ARM.attributes
                0x00000599       0x2d /Users/jaredwuerzburger/Library/Application Support/Pebble SDK/SDKs/4.9.169/toolchain/arm-none-eabi/bin/../lib/gcc/arm-none-eabi/14.2.1/../../../../arm-none-eabi/lib/thumb/v7-m/nofp/libc.a(libc_a-fini.o)
 .ARM.attributes
                0x000005c6       0x2d /Users/jaredwuerzburger/Library/Application Support/Pebble SDK/SDKs/4.9.169/toolchain/arm-none-eabi/bin/../lib/gcc/arm-none-eabi/14.2.1/../../../../arm-none-eabi/lib/thumb/v7-m/nofp/libc.a(libc_a-lock.o)
 .ARM.attributes
                0x000005f3       0x2d /Users/jaredwuerzburger/Library/Application Support/Pebble SDK/SDKs/4.9.169/toolchain/arm-none-eabi/bin/../lib/gcc/arm-none-eabi/14.2.1/../../../../arm-none-eabi/lib/thumb/v7-m/nofp/libc.a(libc_a-__atexit.o)
 .ARM.attributes
                0x00000620       0x2d /Users/jaredwuerzburger/Library/Application Support/Pebble SDK/SDKs/4.9.169/toolchain/arm-none-eabi/bin/../lib/gcc/arm-none-eabi/14.2.1/../../../../arm-none-eabi/lib/thumb/v7-m/nofp/libc.a(libc_a-__call_atexit.o)
 .ARM.attributes
                0x0000064d       0x2d /Users/jaredwuerzburger/Library/Application Support/Pebble SDK/SDKs/4.9.169/toolchain/arm-none-eabi/bin/../lib/gcc/arm-none-eabi/14.2.1/../../../../arm-none-eabi/lib/thumb/v7-m/nofp/libc.a(libc_a-mallocr.o)
 .ARM.attributes
                0x0000067a       0x2d /Users/jaredwuerzburger/Library/Application Support/Pebble SDK/SDKs/4.9.169/toolchain/arm-none-eabi/bin/../lib/gcc/arm-none-eabi/14.2.1/../../../../arm-none-eabi/lib/thumb/v7-m/nofp/libc.a(libc_a-mlock.o)
 .ARM.attributes
                0x000006a7       0x2d /Users/jaredwuerzburger/Library/Application Support/Pebble SDK/SDKs/4.9.169/toolchain/arm-none-eabi/bin/../lib/gcc/arm-none-eabi/14.2.1/../../../../arm-none-eabi/lib/thumb/v7-m/nofp/libc.a(libc_a-fwalk.o)
 .ARM.attributes
                0x000006d4       0x2d /Users/jaredwuerzburger/Library/Application Support/Pebble SDK/SDKs/4.9.169/toolchain/arm-none-eabi/bin/../lib/gcc/arm-none-eabi/14.2.1/../../../../arm-none-eabi/lib/thumb/v7-m/nofp/libc.a(libc_a-fclose.o)
 .ARM.attributes
                0x00000701       0x2d /Users/jaredwuerzburger/Library/Application Support/Pebble SDK/SDKs/4.9.169/toolchain/arm-none-eabi/bin/../lib/gcc/arm-none-eabi/14.2.1/../../../../arm-none-eabi/lib/thumb/v7-m/nofp/libc.a(libc_a-fflush.o)
 .ARM.attributes
                0x0000072e       0x2d /Users/jaredwuerzburger/Library/Application Support/Pebble SDK/SDKs/4.9.169/toolchain/arm-none-eabi/bin/../lib/gcc/arm-none-eabi/14.2.1/../../../../arm-none-eabi/lib/thumb/v7-m/nofp/libc.a(libc_a-stdio.o)
 .ARM.attributes
                0x0000075b       0x2d /Users/jaredwuerzburger/Library/Application Support/Pebble SDK/SDKs/4.9.169/toolchain/arm-none-eabi/bin/../lib/gcc/arm-none-eabi/14.2.1/../../../../arm-none-eabi/lib/thumb/v7-m/nofp/libc.a(libc_a-closer.o)
 .ARM.attributes
                0x00000788       0x2d /Users/jaredwuerzburger/Library/Application Support/Pebble SDK/SDKs/4.9.169/toolchain/arm-none-eabi/bin/../lib/gcc/arm-none-eabi/14.2.1/../../../../arm-none-eabi/lib/thumb/v7-m/nofp/libc.a(libc_a-reent.o)
 .ARM.attributes
                0x000007b5       0x2d /Users/jaredwuerzburger/Library/Application Support/Pebble SDK/SDKs/4.9.169/toolchain/arm-none-eabi/bin/../lib/gcc/arm-none-eabi/14.2.1/../../../../arm-none-eabi/lib/thumb/v7-m/nofp/libc.a(libc_a-lseekr.o)
 .ARM.attributes
                0x000007e2       0x2d /Users/jaredwuerzburger/Library/Application Support/Pebble SDK/SDKs/4.9.169/toolchain/arm-none-eabi/bin/../lib/gcc/arm-none-eabi/14.2.1/../../../../arm-none-eabi/lib/thumb/v7-m/nofp/libc.a(libc_a-readr.o)
 .ARM.attributes
                0x0000080f       0x2d /Users/jaredwuerzburger/Library/Application Support/Pebble SDK/SDKs/4.9.169/toolchain/arm-none-eabi/bin/../lib/gcc/arm-none-eabi/14.2.1/../../../../arm-none-eabi/lib/thumb/v7-m/nofp/libc.a(libc_a-sbrkr.o)
 .ARM.attributes
                0x0000083c       0x2d /Users/jaredwuerzburger/Library/Application Support/Pebble SDK/SDKs/4.9.169/toolchain/arm-none-eabi/bin/../lib/gcc/arm-none-eabi/14.2.1/../../../../arm-none-eabi/lib/thumb/v7-m/nofp/libc.a(libc_a-writer.o)
 .ARM.attributes
                0x00000869       0x2d /Users/jaredwuerzburger/Library/Application Support/Pebble SDK/SDKs/4.9.169/toolchain/arm-none-eabi/bin/../lib/gcc/arm-none-eabi/14.2.1/../../../../arm-none-eabi/lib/thumb/v7-m/nofp/libc.a(libc_a-sysconf.o)
 .ARM.attributes
                0x00000896       0x2d /Users/jaredwuerzburger/Library/Application Support/Pebble SDK/SDKs/4.9.169/toolchain/arm-none-eabi/bin/../lib/gcc/arm-none-eabi/14.2.1/../../../../arm-none-eabi/lib/thumb/v7-m/nofp/libc.a(libc_a-freer.o)
 .ARM.attributes
                0x000008c3       0x2d /Users/jaredwuerzburger/Library/Application Support/Pebble SDK/SDKs/4.9.169/toolchain/arm-none-eabi/bin/../lib/gcc/arm-none-eabi/14.2.1/../../../../arm-none-eabi/lib/thumb/v7-m/nofp/libc.a(libc_a-errno.o)
 .ARM.attributes
                0x000008f0       0x2d /Users/jaredwuerzburger/Library/Application Support/Pebble SDK/SDKs/4.9.169/toolchain/arm-none-eabi/bin/../lib/gcc/arm-none-eabi/14.2.1/thumb/v7-m/nofp/crtend.o
 .ARM.attributes
                0x0000091d       0x1d /Users/jaredwuerzburger/Library/Application Support/Pebble SDK/SDKs/4.9.169/toolchain/arm-none-eabi/bin/../lib/gcc/arm-none-eabi/14.2.1/thumb/v7-m/nofp/crtn.o

.comment        0x00000000       0x38
 .comment       0x00000000       0x38 /Users/jaredwuerzburger/Library/Application Support/Pebble SDK/SDKs/4.9.169/toolchain/arm-none-eabi/bin/../lib/gcc/arm-none-eabi/14.2.1/thumb/v7-m/nofp/crtbegin.o
                                 0x39 (size before relaxing)
 .comment       0x00000038       0x39 src/c/TouchWeather.c.17.o
 .comment       0x00000038       0x39 src/c/anim.c.17.o
 .comment       0x00000038       0x39 src/c/cards/advice.c.17.o
 .comment       0x00000038       0x39 src/c/cards/air_quality.c.17.o
 .comment       0x00000038       0x39 src/c/cards/golden_hour.c.17.o
 .comment       0x00000038       0x39 src/c/cards/hours.c.17.o
 .comment       0x00000038       0x39 src/c/cards/main_card.c.17.o
 .comment       0x00000038       0x39 src/c/cards/night_sky.c.17.o
 .comment       0x00000038       0x39 src/c/cards/precipitation.c.17.o
 .comment       0x00000038       0x39 src/c/cards/radar.c.17.o
 .comment       0x00000038       0x39 src/c/cards/settings.c.17.o
 .comment       0x00000038       0x39 src/c/cards/sun_cycle.c.17.o
 .comment       0x00000038       0x39 src/c/cards/uv.c.17.o
 .comment       0x00000038       0x39 src/c/cards/week.c.17.o
 .comment       0x00000038       0x39 src/c/comm.c.17.o
 .comment       0x00000038       0x39 src/c/icons.c.17.o
 .comment       0x00000038       0x39 src/c/nav.c.17.o
 .comment       0x00000038       0x39 src/c/settings.c.17.o
 .comment       0x00000038       0x39 src/c/theme.c.17.o
 .comment       0x00000038       0x39 src/c/ui.c.17.o
 .comment       0x00000038       0x39 src/c/weather_data.c.17.o
 .comment       0x00000038       0x39 emery/appinfo.auto.c.17.o
 .comment       0x00000038       0x39 emery/src/resource_ids.auto.c.17.o
 .comment       0x00000038       0x39 src/message_keys.auto.c.17.o
 .comment       0x00000038       0x39 /Users/jaredwuerzburger/Library/Application Support/Pebble SDK/SDKs/4.9.169/toolchain/arm-none-eabi/bin/../lib/gcc/arm-none-eabi/14.2.1/../../../../arm-none-eabi/lib/thumb/v7-m/nofp/libc.a(libc_a-atexit.o)
 .comment       0x00000038       0x39 /Users/jaredwuerzburger/Library/Application Support/Pebble SDK/SDKs/4.9.169/toolchain/arm-none-eabi/bin/../lib/gcc/arm-none-eabi/14.2.1/../../../../arm-none-eabi/lib/thumb/v7-m/nofp/libc.a(libc_a-exit.o)
 .comment       0x00000038       0x39 /Users/jaredwuerzburger/Library/Application Support/Pebble SDK/SDKs/4.9.169/toolchain/arm-none-eabi/bin/../lib/gcc/arm-none-eabi/14.2.1/../../../../arm-none-eabi/lib/thumb/v7-m/nofp/libc.a(libc_a-findfp.o)
 .comment       0x00000038       0x39 /Users/jaredwuerzburger/Library/Application Support/Pebble SDK/SDKs/4.9.169/toolchain/arm-none-eabi/bin/../lib/gcc/arm-none-eabi/14.2.1/../../../../arm-none-eabi/lib/thumb/v7-m/nofp/libc.a(libc_a-impure.o)
 .comment       0x00000038       0x39 /Users/jaredwuerzburger/Library/Application Support/Pebble SDK/SDKs/4.9.169/toolchain/arm-none-eabi/bin/../lib/gcc/arm-none-eabi/14.2.1/../../../../arm-none-eabi/lib/thumb/v7-m/nofp/libc.a(libc_a-init.o)
 .comment       0x00000038       0x39 /Users/jaredwuerzburger/Library/Application Support/Pebble SDK/SDKs/4.9.169/toolchain/arm-none-eabi/bin/../lib/gcc/arm-none-eabi/14.2.1/../../../../arm-none-eabi/lib/thumb/v7-m/nofp/libc.a(libc_a-fini.o)
 .comment       0x00000038       0x39 /Users/jaredwuerzburger/Library/Application Support/Pebble SDK/SDKs/4.9.169/toolchain/arm-none-eabi/bin/../lib/gcc/arm-none-eabi/14.2.1/../../../../arm-none-eabi/lib/thumb/v7-m/nofp/libc.a(libc_a-lock.o)
 .comment       0x00000038       0x39 /Users/jaredwuerzburger/Library/Application Support/Pebble SDK/SDKs/4.9.169/toolchain/arm-none-eabi/bin/../lib/gcc/arm-none-eabi/14.2.1/../../../../arm-none-eabi/lib/thumb/v7-m/nofp/libc.a(libc_a-__atexit.o)
 .comment       0x00000038       0x39 /Users/jaredwuerzburger/Library/Application Support/Pebble SDK/SDKs/4.9.169/toolchain/arm-none-eabi/bin/../lib/gcc/arm-none-eabi/14.2.1/../../../../arm-none-eabi/lib/thumb/v7-m/nofp/libc.a(libc_a-__call_atexit.o)
 .comment       0x00000038       0x39 /Users/jaredwuerzburger/Library/Application Support/Pebble SDK/SDKs/4.9.169/toolchain/arm-none-eabi/bin/../lib/gcc/arm-none-eabi/14.2.1/../../../../arm-none-eabi/lib/thumb/v7-m/nofp/libc.a(libc_a-mallocr.o)
 .comment       0x00000038       0x39 /Users/jaredwuerzburger/Library/Application Support/Pebble SDK/SDKs/4.9.169/toolchain/arm-none-eabi/bin/../lib/gcc/arm-none-eabi/14.2.1/../../../../arm-none-eabi/lib/thumb/v7-m/nofp/libc.a(libc_a-mlock.o)
 .comment       0x00000038       0x39 /Users/jaredwuerzburger/Library/Application Support/Pebble SDK/SDKs/4.9.169/toolchain/arm-none-eabi/bin/../lib/gcc/arm-none-eabi/14.2.1/../../../../arm-none-eabi/lib/thumb/v7-m/nofp/libc.a(libc_a-fwalk.o)
 .comment       0x00000038       0x39 /Users/jaredwuerzburger/Library/Application Support/Pebble SDK/SDKs/4.9.169/toolchain/arm-none-eabi/bin/../lib/gcc/arm-none-eabi/14.2.1/../../../../arm-none-eabi/lib/thumb/v7-m/nofp/libc.a(libc_a-fclose.o)
 .comment       0x00000038       0x39 /Users/jaredwuerzburger/Library/Application Support/Pebble SDK/SDKs/4.9.169/toolchain/arm-none-eabi/bin/../lib/gcc/arm-none-eabi/14.2.1/../../../../arm-none-eabi/lib/thumb/v7-m/nofp/libc.a(libc_a-fflush.o)
 .comment       0x00000038       0x39 /Users/jaredwuerzburger/Library/Application Support/Pebble SDK/SDKs/4.9.169/toolchain/arm-none-eabi/bin/../lib/gcc/arm-none-eabi/14.2.1/../../../../arm-none-eabi/lib/thumb/v7-m/nofp/libc.a(libc_a-stdio.o)
 .comment       0x00000038       0x39 /Users/jaredwuerzburger/Library/Application Support/Pebble SDK/SDKs/4.9.169/toolchain/arm-none-eabi/bin/../lib/gcc/arm-none-eabi/14.2.1/../../../../arm-none-eabi/lib/thumb/v7-m/nofp/libc.a(libc_a-closer.o)
 .comment       0x00000038       0x39 /Users/jaredwuerzburger/Library/Application Support/Pebble SDK/SDKs/4.9.169/toolchain/arm-none-eabi/bin/../lib/gcc/arm-none-eabi/14.2.1/../../../../arm-none-eabi/lib/thumb/v7-m/nofp/libc.a(libc_a-reent.o)
 .comment       0x00000038       0x39 /Users/jaredwuerzburger/Library/Application Support/Pebble SDK/SDKs/4.9.169/toolchain/arm-none-eabi/bin/../lib/gcc/arm-none-eabi/14.2.1/../../../../arm-none-eabi/lib/thumb/v7-m/nofp/libc.a(libc_a-lseekr.o)
 .comment       0x00000038       0x39 /Users/jaredwuerzburger/Library/Application Support/Pebble SDK/SDKs/4.9.169/toolchain/arm-none-eabi/bin/../lib/gcc/arm-none-eabi/14.2.1/../../../../arm-none-eabi/lib/thumb/v7-m/nofp/libc.a(libc_a-readr.o)
 .comment       0x00000038       0x39 /Users/jaredwuerzburger/Library/Application Support/Pebble SDK/SDKs/4.9.169/toolchain/arm-none-eabi/bin/../lib/gcc/arm-none-eabi/14.2.1/../../../../arm-none-eabi/lib/thumb/v7-m/nofp/libc.a(libc_a-sbrkr.o)
 .comment       0x00000038       0x39 /Users/jaredwuerzburger/Library/Application Support/Pebble SDK/SDKs/4.9.169/toolchain/arm-none-eabi/bin/../lib/gcc/arm-none-eabi/14.2.1/../../../../arm-none-eabi/lib/thumb/v7-m/nofp/libc.a(libc_a-writer.o)
 .comment       0x00000038       0x39 /Users/jaredwuerzburger/Library/Application Support/Pebble SDK/SDKs/4.9.169/toolchain/arm-none-eabi/bin/../lib/gcc/arm-none-eabi/14.2.1/../../../../arm-none-eabi/lib/thumb/v7-m/nofp/libc.a(libc_a-sysconf.o)
 .comment       0x00000038       0x39 /Users/jaredwuerzburger/Library/Application Support/Pebble SDK/SDKs/4.9.169/toolchain/arm-none-eabi/bin/../lib/gcc/arm-none-eabi/14.2.1/../../../../arm-none-eabi/lib/thumb/v7-m/nofp/libc.a(libc_a-freer.o)
 .comment       0x00000038       0x39 /Users/jaredwuerzburger/Library/Application Support/Pebble SDK/SDKs/4.9.169/toolchain/arm-none-eabi/bin/../lib/gcc/arm-none-eabi/14.2.1/../../../../arm-none-eabi/lib/thumb/v7-m/nofp/libc.a(libc_a-errno.o)
 .comment       0x00000038       0x39 /Users/jaredwuerzburger/Library/Application Support/Pebble SDK/SDKs/4.9.169/toolchain/arm-none-eabi/bin/../lib/gcc/arm-none-eabi/14.2.1/thumb/v7-m/nofp/crtend.o

.debug_info     0x00000000    0x11a56
 .debug_info    0x00000000      0xe5c src/c/TouchWeather.c.17.o
 .debug_info    0x00000e5c      0x57f src/c/anim.c.17.o
 .debug_info    0x000013db     0x105c src/c/cards/advice.c.17.o
 .debug_info    0x00002437      0xa6a src/c/cards/air_quality.c.17.o
 .debug_info    0x00002ea1      0xc37 src/c/cards/golden_hour.c.17.o
 .debug_info    0x00003ad8      0xc46 src/c/cards/hours.c.17.o
 .debug_info    0x0000471e      0xc74 src/c/cards/main_card.c.17.o
 .debug_info    0x00005392      0xac9 src/c/cards/night_sky.c.17.o
 .debug_info    0x00005e5b      0xbb0 src/c/cards/precipitation.c.17.o
 .debug_info    0x00006a0b      0xe65 src/c/cards/radar.c.17.o
 .debug_info    0x00007870      0xaac src/c/cards/settings.c.17.o
 .debug_info    0x0000831c      0xb66 src/c/cards/sun_cycle.c.17.o
 .debug_info    0x00008e82      0xa04 src/c/cards/uv.c.17.o
 .debug_info    0x00009886      0xddb src/c/cards/week.c.17.o
 .debug_info    0x0000a661     0x1703 src/c/comm.c.17.o
 .debug_info    0x0000bd64     0x2c26 src/c/icons.c.17.o
 .debug_info    0x0000e98a      0xedb src/c/nav.c.17.o
 .debug_info    0x0000f865      0x3e3 src/c/settings.c.17.o
 .debug_info    0x0000fc48      0x3c7 src/c/theme.c.17.o
 .debug_info    0x0001000f      0xb6e src/c/ui.c.17.o
 .debug_info    0x00010b7d      0x579 src/c/weather_data.c.17.o
 .debug_info    0x000110f6      0x33e emery/appinfo.auto.c.17.o
 .debug_info    0x00011434       0x65 emery/src/resource_ids.auto.c.17.o
 .debug_info    0x00011499      0x5bd src/message_keys.auto.c.17.o

.debug_abbrev   0x00000000     0x4136
 .debug_abbrev  0x00000000      0x36d src/c/TouchWeather.c.17.o
 .debug_abbrev  0x0000036d      0x231 src/c/anim.c.17.o
 .debug_abbrev  0x0000059e      0x3a5 src/c/cards/advice.c.17.o
 .debug_abbrev  0x00000943      0x318 src/c/cards/air_quality.c.17.o
 .debug_abbrev  0x00000c5b      0x38d src/c/cards/golden_hour.c.17.o
 .debug_abbrev  0x00000fe8      0x337 src/c/cards/hours.c.17.o
 .debug_abbrev  0x0000131f      0x2b6 src/c/cards/main_card.c.17.o
 .debug_abbrev  0x000015d5      0x2cd src/c/cards/night_sky.c.17.o
 .debug_abbrev  0x000018a2      0x2e3 src/c/cards/precipitation.c.17.o
 .debug_abbrev  0x00001b85      0x3a9 src/c/cards/radar.c.17.o
 .debug_abbrev  0x00001f2e      0x2f7 src/c/cards/settings.c.17.o
 .debug_abbrev  0x00002225      0x33c src/c/cards/sun_cycle.c.17.o
 .debug_abbrev  0x00002561      0x2c3 src/c/cards/uv.c.17.o
 .debug_abbrev  0x00002824      0x337 src/c/cards/week.c.17.o
 .debug_abbrev  0x00002b5b      0x3ed src/c/comm.c.17.o
 .debug_abbrev  0x00002f48      0x478 src/c/icons.c.17.o
 .debug_abbrev  0x000033c0      0x3f3 src/c/nav.c.17.o
 .debug_abbrev  0x000037b3      0x1dd src/c/settings.c.17.o
 .debug_abbrev  0x00003990      0x1d7 src/c/theme.c.17.o
 .debug_abbrev  0x00003b67      0x32c src/c/ui.c.17.o
 .debug_abbrev  0x00003e93      0x17a src/c/weather_data.c.17.o
 .debug_abbrev  0x0000400d       0xb9 emery/appinfo.auto.c.17.o
 .debug_abbrev  0x000040c6       0x26 emery/src/resource_ids.auto.c.17.o
 .debug_abbrev  0x000040ec       0x4a src/message_keys.auto.c.17.o

.debug_loclists
                0x00000000     0x5d67
 .debug_loclists
                0x00000000      0x344 src/c/TouchWeather.c.17.o
 .debug_loclists
                0x00000344       0x6d src/c/anim.c.17.o
 .debug_loclists
                0x000003b1      0x53a src/c/cards/advice.c.17.o
 .debug_loclists
                0x000008eb      0x13f src/c/cards/air_quality.c.17.o
 .debug_loclists
                0x00000a2a      0x2a2 src/c/cards/golden_hour.c.17.o
 .debug_loclists
                0x00000ccc      0x3ab src/c/cards/hours.c.17.o
 .debug_loclists
                0x00001077      0x18d src/c/cards/main_card.c.17.o
 .debug_loclists
                0x00001204       0xa4 src/c/cards/night_sky.c.17.o
 .debug_loclists
                0x000012a8      0x3ed src/c/cards/precipitation.c.17.o
 .debug_loclists
                0x00001695      0x4dc src/c/cards/radar.c.17.o
 .debug_loclists
                0x00001b71      0x247 src/c/cards/settings.c.17.o
 .debug_loclists
                0x00001db8      0x4fd src/c/cards/sun_cycle.c.17.o
 .debug_loclists
                0x000022b5      0x134 src/c/cards/uv.c.17.o
 .debug_loclists
                0x000023e9      0x4b3 src/c/cards/week.c.17.o
 .debug_loclists
                0x0000289c      0x4da src/c/comm.c.17.o
 .debug_loclists
                0x00002d76     0x21ef src/c/icons.c.17.o
 .debug_loclists
                0x00004f65      0x5f8 src/c/nav.c.17.o
 .debug_loclists
                0x0000555d      0x121 src/c/settings.c.17.o
 .debug_loclists
                0x0000567e       0x5f src/c/theme.c.17.o
 .debug_loclists
                0x000056dd      0x575 src/c/ui.c.17.o
 .debug_loclists
                0x00005c52      0x115 src/c/weather_data.c.17.o

.debug_aranges  0x00000000      0x5f0
 .debug_aranges
                0x00000000       0x60 src/c/TouchWeather.c.17.o
 .debug_aranges
                0x00000060       0x38 src/c/anim.c.17.o
 .debug_aranges
                0x00000098       0x20 src/c/cards/advice.c.17.o
 .debug_aranges
                0x000000b8       0x20 src/c/cards/air_quality.c.17.o
 .debug_aranges
                0x000000d8       0x28 src/c/cards/golden_hour.c.17.o
 .debug_aranges
                0x00000100       0x20 src/c/cards/hours.c.17.o
 .debug_aranges
                0x00000120       0x20 src/c/cards/main_card.c.17.o
 .debug_aranges
                0x00000140       0x20 src/c/cards/night_sky.c.17.o
 .debug_aranges
                0x00000160       0x20 src/c/cards/precipitation.c.17.o
 .debug_aranges
                0x00000180       0x50 src/c/cards/radar.c.17.o
 .debug_aranges
                0x000001d0       0x20 src/c/cards/settings.c.17.o
 .debug_aranges
                0x000001f0       0x20 src/c/cards/sun_cycle.c.17.o
 .debug_aranges
                0x00000210       0x20 src/c/cards/uv.c.17.o
 .debug_aranges
                0x00000230       0x20 src/c/cards/week.c.17.o
 .debug_aranges
                0x00000250       0x58 src/c/comm.c.17.o
 .debug_aranges
                0x000002a8       0xf0 src/c/icons.c.17.o
 .debug_aranges
                0x00000398       0xc8 src/c/nav.c.17.o
 .debug_aranges
                0x00000460       0x50 src/c/settings.c.17.o
 .debug_aranges
                0x000004b0       0x80 src/c/theme.c.17.o
 .debug_aranges
                0x00000530       0x40 src/c/ui.c.17.o
 .debug_aranges
                0x00000570       0x38 src/c/weather_data.c.17.o
 .debug_aranges
                0x000005a8       0x18 emery/appinfo.auto.c.17.o
 .debug_aranges
                0x000005c0       0x18 emery/src/resource_ids.auto.c.17.o
 .debug_aranges
                0x000005d8       0x18 src/message_keys.auto.c.17.o

.debug_rnglists
                0x00000000      0x87d
 .debug_rnglists
                0x00000000       0x8a src/c/TouchWeather.c.17.o
 .debug_rnglists
                0x0000008a       0x25 src/c/anim.c.17.o
 .debug_rnglists
                0x000000af       0x9f src/c/cards/advice.c.17.o
 .debug_rnglists
                0x0000014e       0x25 src/c/cards/air_quality.c.17.o
 .debug_rnglists
                0x00000173       0x57 src/c/cards/golden_hour.c.17.o
 .debug_rnglists
                0x000001ca       0x7d src/c/cards/hours.c.17.o
 .debug_rnglists
                0x00000247       0x14 src/c/cards/main_card.c.17.o
 .debug_rnglists
                0x0000025b       0x14 src/c/cards/night_sky.c.17.o
 .debug_rnglists
                0x0000026f       0x5d src/c/cards/precipitation.c.17.o
 .debug_rnglists
                0x000002cc       0x78 src/c/cards/radar.c.17.o
 .debug_rnglists
                0x00000344       0x5f src/c/cards/settings.c.17.o
 .debug_rnglists
                0x000003a3       0x2f src/c/cards/sun_cycle.c.17.o
 .debug_rnglists
                0x000003d2       0x14 src/c/cards/uv.c.17.o
 .debug_rnglists
                0x000003e6       0x81 src/c/cards/week.c.17.o
 .debug_rnglists
                0x00000467       0x9e src/c/comm.c.17.o
 .debug_rnglists
                0x00000505      0x16e src/c/icons.c.17.o
 .debug_rnglists
                0x00000673       0xfd src/c/nav.c.17.o
 .debug_rnglists
                0x00000770       0x43 src/c/settings.c.17.o
 .debug_rnglists
                0x000007b3       0x5b src/c/theme.c.17.o
 .debug_rnglists
                0x0000080e       0x49 src/c/ui.c.17.o
 .debug_rnglists
                0x00000857       0x26 src/c/weather_data.c.17.o

.debug_line     0x00000000     0x8108
 .debug_line    0x00000000      0x631 src/c/TouchWeather.c.17.o
 .debug_line    0x00000631      0x354 src/c/anim.c.17.o
 .debug_line    0x00000985      0x592 src/c/cards/advice.c.17.o
 .debug_line    0x00000f17      0x3ed src/c/cards/air_quality.c.17.o
 .debug_line    0x00001304      0x42d src/c/cards/golden_hour.c.17.o